[31m2026-03-21 00:15:44.775[0;39m [33m[SpringApplicationShutdownHook][0;39m [34mINFO [0;39m [32mo.s.boot.web.embedded.tomcat.GracefulShutdown[0;39m - Commencing graceful shutdown. Waiting for active requests to complete
[31m2026-03-21 00:15:44.835[0;39m [33m[tomcat-shutdown][0;39m [34mINFO [0;39m [32mo.s.boot.web.embedded.tomcat.GracefulShutdown[0;39m - Graceful shutdown complete
[31m2026-03-21 00:15:44.855[0;39m [33m[SpringApplicationShutdownHook][0;39m [34mINFO [0;39m [32mcom.zaxxer.hikari.HikariDataSource[0;39m - HikariPool-1 - Shutdown initiated...
[31m2026-03-21 00:15:44.855[0;39m [33m[SpringApplicationShutdownHook][0;39m [34mINFO [0;39m [32mcom.zaxxer.hikari.HikariDataSource[0;39m - HikariPool-1 - Shutdown completed.
[31m2026-03-21 00:15:55.273[0;39m [33m[background-preinit][0;39m [34mINFO [0;39m [32morg.hibernate.validator.internal.util.Version[0;39m - HV000001: Hibernate Validator 8.0.1.Final
[31m2026-03-21 00:15:55.305[0;39m [33m[restartedMain][0;39m [34mINFO [0;39m [32mcom.geo.dsp.GeoDspApplication[0;39m - Starting GeoDspApplication using Java 17.0.12 with PID 17088 (E:\GeoDsp(1)\GeoDsp\target\classes started by User in E:\GeoDsp(1))
[31m2026-03-21 00:15:55.308[0;39m [33m[restartedMain][0;39m [34mINFO [0;39m [32mcom.geo.dsp.GeoDspApplication[0;39m - No active profile set, falling back to 1 default profile: "default"
[31m2026-03-21 00:15:55.347[0;39m [33m[restartedMain][0;39m [34mINFO [0;39m [32mo.s.b.d.env.DevToolsPropertyDefaultsPostProcessor[0;39m - Devtools property defaults active! Set 'spring.devtools.add-properties' to 'false' to disable
[31m2026-03-21 00:15:55.347[0;39m [33m[restartedMain][0;39m [34mINFO [0;39m [32mo.s.b.d.env.DevToolsPropertyDefaultsPostProcessor[0;39m - For additional web related logging consider setting the 'logging.level.web' property to 'DEBUG'
[31m2026-03-21 00:15:56.575[0;39m [33m[restartedMain][0;39m [34mINFO [0;39m [32mo.s.boot.web.embedded.tomcat.TomcatWebServer[0;39m - Tomcat initialized with port 9966 (http)
[31m2026-03-21 00:15:56.585[0;39m [33m[restartedMain][0;39m [34mINFO [0;39m [32morg.apache.coyote.http11.Http11NioProtocol[0;39m - Initializing ProtocolHandler ["http-nio-9966"]
[31m2026-03-21 00:15:56.585[0;39m [33m[restartedMain][0;39m [34mINFO [0;39m [32morg.apache.catalina.core.StandardService[0;39m - Starting service [Tomcat]
[31m2026-03-21 00:15:56.585[0;39m [33m[restartedMain][0;39m [34mINFO [0;39m [32morg.apache.catalina.core.StandardEngine[0;39m - Starting Servlet engine: [Apache Tomcat/10.1.33]
[31m2026-03-21 00:15:56.635[0;39m [33m[restartedMain][0;39m [34mINFO [0;39m [32mo.a.c.c.ContainerBase.[Tomcat].[localhost].[/geo][0;39m - Initializing Spring embedded WebApplicationContext
[31m2026-03-21 00:15:56.635[0;39m [33m[restartedMain][0;39m [34mINFO [0;39m [32mo.s.b.w.s.c.ServletWebServerApplicationContext[0;39m - Root WebApplicationContext: initialization completed in 1286 ms
[31m2026-03-21 00:15:57.957[0;39m [33m[restartedMain][0;39m [34mINFO [0;39m [32mo.s.b.d.autoconfigure.OptionalLiveReloadServer[0;39m - LiveReload server is running on port 35729
[31m2026-03-21 00:15:57.995[0;39m [33m[restartedMain][0;39m [34mINFO [0;39m [32morg.apache.coyote.http11.Http11NioProtocol[0;39m - Starting ProtocolHandler ["http-nio-9966"]
[31m2026-03-21 00:15:58.009[0;39m [33m[restartedMain][0;39m [34mINFO [0;39m [32mo.s.boot.web.embedded.tomcat.TomcatWebServer[0;39m - Tomcat started on port 9966 (http) with context path '/geo'
[31m2026-03-21 00:15:58.030[0;39m [33m[restartedMain][0;39m [34mINFO [0;39m [32mcom.geo.dsp.GeoDspApplication[0;39m - Started GeoDspApplication in 3.085 seconds (process running for 3.408)
[31m2026-03-21 00:16:23.830[0;39m [33m[http-nio-9966-exec-1][0;39m [34mINFO [0;39m [32mo.a.c.c.ContainerBase.[Tomcat].[localhost].[/geo][0;39m - Initializing Spring DispatcherServlet 'dispatcherServlet'
[31m2026-03-21 00:16:23.830[0;39m [33m[http-nio-9966-exec-1][0;39m [34mINFO [0;39m [32morg.springframework.web.servlet.DispatcherServlet[0;39m - Initializing Servlet 'dispatcherServlet'
[31m2026-03-21 00:16:23.833[0;39m [33m[http-nio-9966-exec-1][0;39m [34mINFO [0;39m [32morg.springframework.web.servlet.DispatcherServlet[0;39m - Completed initialization in 3 ms
[31m2026-03-21 00:16:23.984[0;39m [33m[http-nio-9966-exec-1][0;39m [34mINFO [0;39m [32mcom.zaxxer.hikari.HikariDataSource[0;39m - HikariPool-1 - Starting...
[31m2026-03-21 00:16:24.221[0;39m [33m[http-nio-9966-exec-1][0;39m [34mINFO [0;39m [32mcom.zaxxer.hikari.pool.HikariPool[0;39m - HikariPool-1 - Added connection org.postgresql.jdbc.PgConnection@2144a396
[31m2026-03-21 00:16:24.221[0;39m [33m[http-nio-9966-exec-1][0;39m [34mINFO [0;39m [32mcom.zaxxer.hikari.HikariDataSource[0;39m - HikariPool-1 - Start completed.
[31m2026-03-21 00:20:29.059[0;39m [33m[SpringApplicationShutdownHook][0;39m [34mINFO [0;39m [32mo.s.boot.web.embedded.tomcat.GracefulShutdown[0;39m - Commencing graceful shutdown. Waiting for active requests to complete
[31m2026-03-21 00:20:29.116[0;39m [33m[tomcat-shutdown][0;39m [34mINFO [0;39m [32mo.s.boot.web.embedded.tomcat.GracefulShutdown[0;39m - Graceful shutdown complete
[31m2026-03-21 00:20:29.133[0;39m [33m[SpringApplicationShutdownHook][0;39m [34mINFO [0;39m [32mcom.zaxxer.hikari.HikariDataSource[0;39m - HikariPool-1 - Shutdown initiated...
[31m2026-03-21 00:20:29.136[0;39m [33m[SpringApplicationShutdownHook][0;39m [34mINFO [0;39m [32mcom.zaxxer.hikari.HikariDataSource[0;39m - HikariPool-1 - Shutdown completed.
[31m2026-03-21 00:20:37.327[0;39m [33m[background-preinit][0;39m [34mINFO [0;39m [32morg.hibernate.validator.internal.util.Version[0;39m - HV000001: Hibernate Validator 8.0.1.Final
[31m2026-03-21 00:20:37.359[0;39m [33m[restartedMain][0;39m [34mINFO [0;39m [32mcom.geo.dsp.GeoDspApplication[0;39m - Starting GeoDspApplication using Java 17.0.12 with PID 24420 (E:\GeoDsp(1)\GeoDsp\target\classes started by User in E:\GeoDsp(1))
[31m2026-03-21 00:20:37.360[0;39m [33m[restartedMain][0;39m [34mINFO [0;39m [32mcom.geo.dsp.GeoDspApplication[0;39m - No active profile set, falling back to 1 default profile: "default"
[31m2026-03-21 00:20:37.395[0;39m [33m[restartedMain][0;39m [34mINFO [0;39m [32mo.s.b.d.env.DevToolsPropertyDefaultsPostProcessor[0;39m - Devtools property defaults active! Set 'spring.devtools.add-properties' to 'false' to disable
[31m2026-03-21 00:20:37.397[0;39m [33m[restartedMain][0;39m [34mINFO [0;39m [32mo.s.b.d.env.DevToolsPropertyDefaultsPostProcessor[0;39m - For additional web related logging consider setting the 'logging.level.web' property to 'DEBUG'
[31m2026-03-21 00:20:38.609[0;39m [33m[restartedMain][0;39m [34mINFO [0;39m [32mo.s.boot.web.embedded.tomcat.TomcatWebServer[0;39m - Tomcat initialized with port 9966 (http)
[31m2026-03-21 00:20:38.619[0;39m [33m[restartedMain][0;39m [34mINFO [0;39m [32morg.apache.coyote.http11.Http11NioProtocol[0;39m - Initializing ProtocolHandler ["http-nio-9966"]
[31m2026-03-21 00:20:38.621[0;39m [33m[restartedMain][0;39m [34mINFO [0;39m [32morg.apache.catalina.core.StandardService[0;39m - Starting service [Tomcat]
[31m2026-03-21 00:20:38.621[0;39m [33m[restartedMain][0;39m [34mINFO [0;39m [32morg.apache.catalina.core.StandardEngine[0;39m - Starting Servlet engine: [Apache Tomcat/10.1.33]
[31m2026-03-21 00:20:38.665[0;39m [33m[restartedMain][0;39m [34mINFO [0;39m [32mo.a.c.c.ContainerBase.[Tomcat].[localhost].[/geo][0;39m - Initializing Spring embedded WebApplicationContext
[31m2026-03-21 00:20:38.666[0;39m [33m[restartedMain][0;39m [34mINFO [0;39m [32mo.s.b.w.s.c.ServletWebServerApplicationContext[0;39m - Root WebApplicationContext: initialization completed in 1269 ms
[31m2026-03-21 00:20:39.983[0;39m [33m[restartedMain][0;39m [34mINFO [0;39m [32mo.s.b.d.autoconfigure.OptionalLiveReloadServer[0;39m - LiveReload server is running on port 35729
[31m2026-03-21 00:20:40.021[0;39m [33m[restartedMain][0;39m [34mINFO [0;39m [32morg.apache.coyote.http11.Http11NioProtocol[0;39m - Starting ProtocolHandler ["http-nio-9966"]
[31m2026-03-21 00:20:40.037[0;39m [33m[restartedMain][0;39m [34mINFO [0;39m [32mo.s.boot.web.embedded.tomcat.TomcatWebServer[0;39m - Tomcat started on port 9966 (http) with context path '/geo'
[31m2026-03-21 00:20:40.056[0;39m [33m[restartedMain][0;39m [34mINFO [0;39m [32mcom.geo.dsp.GeoDspApplication[0;39m - Started GeoDspApplication in 3.056 seconds (process running for 3.377)
[31m2026-03-21 00:21:03.578[0;39m [33m[http-nio-9966-exec-2][0;39m [34mINFO [0;39m [32mo.a.c.c.ContainerBase.[Tomcat].[localhost].[/geo][0;39m - Initializing Spring DispatcherServlet 'dispatcherServlet'
[31m2026-03-21 00:21:03.578[0;39m [33m[http-nio-9966-exec-2][0;39m [34mINFO [0;39m [32morg.springframework.web.servlet.DispatcherServlet[0;39m - Initializing Servlet 'dispatcherServlet'
[31m2026-03-21 00:21:03.581[0;39m [33m[http-nio-9966-exec-2][0;39m [34mINFO [0;39m [32morg.springframework.web.servlet.DispatcherServlet[0;39m - Completed initialization in 2 ms
[31m2026-03-21 00:21:03.819[0;39m [33m[http-nio-9966-exec-2][0;39m [34mINFO [0;39m [32mcom.zaxxer.hikari.HikariDataSource[0;39m - HikariPool-1 - Starting...
[31m2026-03-21 00:21:04.018[0;39m [33m[http-nio-9966-exec-2][0;39m [34mINFO [0;39m [32mcom.zaxxer.hikari.pool.HikariPool[0;39m - HikariPool-1 - Added connection org.postgresql.jdbc.PgConnection@103bb258
[31m2026-03-21 00:21:04.019[0;39m [33m[http-nio-9966-exec-2][0;39m [34mINFO [0;39m [32mcom.zaxxer.hikari.HikariDataSource[0;39m - HikariPool-1 - Start completed.
[31m2026-03-21 00:26:35.594[0;39m [33m[SpringApplicationShutdownHook][0;39m [34mINFO [0;39m [32mo.s.boot.web.embedded.tomcat.GracefulShutdown[0;39m - Commencing graceful shutdown. Waiting for active requests to complete
[31m2026-03-21 00:26:35.656[0;39m [33m[tomcat-shutdown][0;39m [34mINFO [0;39m [32mo.s.boot.web.embedded.tomcat.GracefulShutdown[0;39m - Graceful shutdown complete
[31m2026-03-21 00:26:35.674[0;39m [33m[SpringApplicationShutdownHook][0;39m [34mINFO [0;39m [32mcom.zaxxer.hikari.HikariDataSource[0;39m - HikariPool-1 - Shutdown initiated...
[31m2026-03-21 00:26:35.676[0;39m [33m[SpringApplicationShutdownHook][0;39m [34mINFO [0;39m [32mcom.zaxxer.hikari.HikariDataSource[0;39m - HikariPool-1 - Shutdown completed.
[31m2026-03-21 00:26:42.321[0;39m [33m[background-preinit][0;39m [34mINFO [0;39m [32morg.hibernate.validator.internal.util.Version[0;39m - HV000001: Hibernate Validator 8.0.1.Final
[31m2026-03-21 00:26:42.351[0;39m [33m[restartedMain][0;39m [34mINFO [0;39m [32mcom.geo.dsp.GeoDspApplication[0;39m - Starting GeoDspApplication using Java 17.0.12 with PID 5832 (E:\GeoDsp(1)\GeoDsp\target\classes started by User in E:\GeoDsp(1))
[31m2026-03-21 00:26:42.353[0;39m [33m[restartedMain][0;39m [34mINFO [0;39m [32mcom.geo.dsp.GeoDspApplication[0;39m - No active profile set, falling back to 1 default profile: "default"
[31m2026-03-21 00:26:42.389[0;39m [33m[restartedMain][0;39m [34mINFO [0;39m [32mo.s.b.d.env.DevToolsPropertyDefaultsPostProcessor[0;39m - Devtools property defaults active! Set 'spring.devtools.add-properties' to 'false' to disable
[31m2026-03-21 00:26:42.389[0;39m [33m[restartedMain][0;39m [34mINFO [0;39m [32mo.s.b.d.env.DevToolsPropertyDefaultsPostProcessor[0;39m - For additional web related logging consider setting the 'logging.level.web' property to 'DEBUG'
[31m2026-03-21 00:26:43.608[0;39m [33m[restartedMain][0;39m [34mINFO [0;39m [32mo.s.boot.web.embedded.tomcat.TomcatWebServer[0;39m - Tomcat initialized with port 9966 (http)
[31m2026-03-21 00:26:43.618[0;39m [33m[restartedMain][0;39m [34mINFO [0;39m [32morg.apache.coyote.http11.Http11NioProtocol[0;39m - Initializing ProtocolHandler ["http-nio-9966"]
[31m2026-03-21 00:26:43.620[0;39m [33m[restartedMain][0;39m [34mINFO [0;39m [32morg.apache.catalina.core.StandardService[0;39m - Starting service [Tomcat]
[31m2026-03-21 00:26:43.620[0;39m [33m[restartedMain][0;39m [34mINFO [0;39m [32morg.apache.catalina.core.StandardEngine[0;39m - Starting Servlet engine: [Apache Tomcat/10.1.33]
[31m2026-03-21 00:26:43.664[0;39m [33m[restartedMain][0;39m [34mINFO [0;39m [32mo.a.c.c.ContainerBase.[Tomcat].[localhost].[/geo][0;39m - Initializing Spring embedded WebApplicationContext
[31m2026-03-21 00:26:43.665[0;39m [33m[restartedMain][0;39m [34mINFO [0;39m [32mo.s.b.w.s.c.ServletWebServerApplicationContext[0;39m - Root WebApplicationContext: initialization completed in 1276 ms
[31m2026-03-21 00:26:45.000[0;39m [33m[restartedMain][0;39m [34mINFO [0;39m [32mo.s.b.d.autoconfigure.OptionalLiveReloadServer[0;39m - LiveReload server is running on port 35729
[31m2026-03-21 00:26:45.035[0;39m [33m[restartedMain][0;39m [34mINFO [0;39m [32morg.apache.coyote.http11.Http11NioProtocol[0;39m - Starting ProtocolHandler ["http-nio-9966"]
[31m2026-03-21 00:26:45.049[0;39m [33m[restartedMain][0;39m [34mINFO [0;39m [32mo.s.boot.web.embedded.tomcat.TomcatWebServer[0;39m - Tomcat started on port 9966 (http) with context path '/geo'
[31m2026-03-21 00:26:45.070[0;39m [33m[restartedMain][0;39m [34mINFO [0;39m [32mcom.geo.dsp.GeoDspApplication[0;39m - Started GeoDspApplication in 3.066 seconds (process running for 3.383)
[31m2026-03-21 00:26:48.674[0;39m [33m[http-nio-9966-exec-1][0;39m [34mINFO [0;39m [32mo.a.c.c.ContainerBase.[Tomcat].[localhost].[/geo][0;39m - Initializing Spring DispatcherServlet 'dispatcherServlet'
[31m2026-03-21 00:26:48.674[0;39m [33m[http-nio-9966-exec-1][0;39m [34mINFO [0;39m [32morg.springframework.web.servlet.DispatcherServlet[0;39m - Initializing Servlet 'dispatcherServlet'
[31m2026-03-21 00:26:48.677[0;39m [33m[http-nio-9966-exec-1][0;39m [34mINFO [0;39m [32morg.springframework.web.servlet.DispatcherServlet[0;39m - Completed initialization in 3 ms
[31m2026-03-21 00:26:48.928[0;39m [33m[http-nio-9966-exec-1][0;39m [34mINFO [0;39m [32mcom.zaxxer.hikari.HikariDataSource[0;39m - HikariPool-1 - Starting...
[31m2026-03-21 00:26:49.149[0;39m [33m[http-nio-9966-exec-1][0;39m [34mINFO [0;39m [32mcom.zaxxer.hikari.pool.HikariPool[0;39m - HikariPool-1 - Added connection org.postgresql.jdbc.PgConnection@45c25701
[31m2026-03-21 00:26:49.152[0;39m [33m[http-nio-9966-exec-1][0;39m [34mINFO [0;39m [32mcom.zaxxer.hikari.HikariDataSource[0;39m - HikariPool-1 - Start completed.
[31m2026-03-21 00:43:37.387[0;39m [33m[SpringApplicationShutdownHook][0;39m [34mINFO [0;39m [32mo.s.boot.web.embedded.tomcat.GracefulShutdown[0;39m - Commencing graceful shutdown. Waiting for active requests to complete
[31m2026-03-21 00:43:37.444[0;39m [33m[tomcat-shutdown][0;39m [34mINFO [0;39m [32mo.s.boot.web.embedded.tomcat.GracefulShutdown[0;39m - Graceful shutdown complete
[31m2026-03-21 00:43:37.463[0;39m [33m[SpringApplicationShutdownHook][0;39m [34mINFO [0;39m [32mcom.zaxxer.hikari.HikariDataSource[0;39m - HikariPool-1 - Shutdown initiated...
[31m2026-03-21 00:43:37.465[0;39m [33m[SpringApplicationShutdownHook][0;39m [34mINFO [0;39m [32mcom.zaxxer.hikari.HikariDataSource[0;39m - HikariPool-1 - Shutdown completed.
[31m2026-03-21 00:43:50.042[0;39m [33m[background-preinit][0;39m [34mINFO [0;39m [32morg.hibernate.validator.internal.util.Version[0;39m - HV000001: Hibernate Validator 8.0.1.Final
[31m2026-03-21 00:43:50.073[0;39m [33m[restartedMain][0;39m [34mINFO [0;39m [32mcom.geo.dsp.GeoDspApplication[0;39m - Starting GeoDspApplication using Java 17.0.12 with PID 11608 (E:\GeoDsp(1)\GeoDsp\target\classes started by User in E:\GeoDsp(1))
[31m2026-03-21 00:43:50.074[0;39m [33m[restartedMain][0;39m [34mINFO [0;39m [32mcom.geo.dsp.GeoDspApplication[0;39m - No active profile set, falling back to 1 default profile: "default"
[31m2026-03-21 00:43:50.106[0;39m [33m[restartedMain][0;39m [34mINFO [0;39m [32mo.s.b.d.env.DevToolsPropertyDefaultsPostProcessor[0;39m - Devtools property defaults active! Set 'spring.devtools.add-properties' to 'false' to disable
[31m2026-03-21 00:43:50.107[0;39m [33m[restartedMain][0;39m [34mINFO [0;39m [32mo.s.b.d.env.DevToolsPropertyDefaultsPostProcessor[0;39m - For additional web related logging consider setting the 'logging.level.web' property to 'DEBUG'
[31m2026-03-21 00:43:51.330[0;39m [33m[restartedMain][0;39m [34mINFO [0;39m [32mo.s.boot.web.embedded.tomcat.TomcatWebServer[0;39m - Tomcat initialized with port 9966 (http)
[31m2026-03-21 00:43:51.340[0;39m [33m[restartedMain][0;39m [34mINFO [0;39m [32morg.apache.coyote.http11.Http11NioProtocol[0;39m - Initializing ProtocolHandler ["http-nio-9966"]
[31m2026-03-21 00:43:51.342[0;39m [33m[restartedMain][0;39m [34mINFO [0;39m [32morg.apache.catalina.core.StandardService[0;39m - Starting service [Tomcat]
[31m2026-03-21 00:43:51.342[0;39m [33m[restartedMain][0;39m [34mINFO [0;39m [32morg.apache.catalina.core.StandardEngine[0;39m - Starting Servlet engine: [Apache Tomcat/10.1.33]
[31m2026-03-21 00:43:51.387[0;39m [33m[restartedMain][0;39m [34mINFO [0;39m [32mo.a.c.c.ContainerBase.[Tomcat].[localhost].[/geo][0;39m - Initializing Spring embedded WebApplicationContext
[31m2026-03-21 00:43:51.387[0;39m [33m[restartedMain][0;39m [34mINFO [0;39m [32mo.s.b.w.s.c.ServletWebServerApplicationContext[0;39m - Root WebApplicationContext: initialization completed in 1280 ms
[31m2026-03-21 00:43:52.696[0;39m [33m[restartedMain][0;39m [34mINFO [0;39m [32mo.s.b.d.autoconfigure.OptionalLiveReloadServer[0;39m - LiveReload server is running on port 35729
[31m2026-03-21 00:43:52.732[0;39m [33m[restartedMain][0;39m [34mINFO [0;39m [32morg.apache.coyote.http11.Http11NioProtocol[0;39m - Starting ProtocolHandler ["http-nio-9966"]
[31m2026-03-21 00:43:52.746[0;39m [33m[restartedMain][0;39m [34mINFO [0;39m [32mo.s.boot.web.embedded.tomcat.TomcatWebServer[0;39m - Tomcat started on port 9966 (http) with context path '/geo'
[31m2026-03-21 00:43:52.766[0;39m [33m[restartedMain][0;39m [34mINFO [0;39m [32mcom.geo.dsp.GeoDspApplication[0;39m - Started GeoDspApplication in 3.038 seconds (process running for 3.368)
[31m2026-03-21 00:44:11.525[0;39m [33m[http-nio-9966-exec-1][0;39m [34mINFO [0;39m [32mo.a.c.c.ContainerBase.[Tomcat].[localhost].[/geo][0;39m - Initializing Spring DispatcherServlet 'dispatcherServlet'
[31m2026-03-21 00:44:11.526[0;39m [33m[http-nio-9966-exec-1][0;39m [34mINFO [0;39m [32morg.springframework.web.servlet.DispatcherServlet[0;39m - Initializing Servlet 'dispatcherServlet'
[31m2026-03-21 00:44:11.529[0;39m [33m[http-nio-9966-exec-1][0;39m [34mINFO [0;39m [32morg.springframework.web.servlet.DispatcherServlet[0;39m - Completed initialization in 2 ms
[31m2026-03-21 00:44:11.649[0;39m [33m[http-nio-9966-exec-1][0;39m [34mINFO [0;39m [32mcom.zaxxer.hikari.HikariDataSource[0;39m - HikariPool-1 - Starting...
[31m2026-03-21 00:44:11.851[0;39m [33m[http-nio-9966-exec-1][0;39m [34mINFO [0;39m [32mcom.zaxxer.hikari.pool.HikariPool[0;39m - HikariPool-1 - Added connection org.postgresql.jdbc.PgConnection@33c9ff91
[31m2026-03-21 00:44:11.852[0;39m [33m[http-nio-9966-exec-1][0;39m [34mINFO [0;39m [32mcom.zaxxer.hikari.HikariDataSource[0;39m - HikariPool-1 - Start completed.
[31m2026-03-21 00:47:59.749[0;39m [33m[SpringApplicationShutdownHook][0;39m [34mINFO [0;39m [32mo.s.boot.web.embedded.tomcat.GracefulShutdown[0;39m - Commencing graceful shutdown. Waiting for active requests to complete
[31m2026-03-21 00:47:59.809[0;39m [33m[tomcat-shutdown][0;39m [34mINFO [0;39m [32mo.s.boot.web.embedded.tomcat.GracefulShutdown[0;39m - Graceful shutdown complete
[31m2026-03-21 00:47:59.826[0;39m [33m[SpringApplicationShutdownHook][0;39m [34mINFO [0;39m [32mcom.zaxxer.hikari.HikariDataSource[0;39m - HikariPool-1 - Shutdown initiated...
[31m2026-03-21 00:47:59.828[0;39m [33m[SpringApplicationShutdownHook][0;39m [34mINFO [0;39m [32mcom.zaxxer.hikari.HikariDataSource[0;39m - HikariPool-1 - Shutdown completed.
[31m2026-03-21 00:48:13.793[0;39m [33m[background-preinit][0;39m [34mINFO [0;39m [32morg.hibernate.validator.internal.util.Version[0;39m - HV000001: Hibernate Validator 8.0.1.Final
[31m2026-03-21 00:48:13.825[0;39m [33m[restartedMain][0;39m [34mINFO [0;39m [32mcom.geo.dsp.GeoDspApplication[0;39m - Starting GeoDspApplication using Java 17.0.12 with PID 23412 (E:\GeoDsp(1)\GeoDsp\target\classes started by User in E:\GeoDsp(1))
[31m2026-03-21 00:48:13.827[0;39m [33m[restartedMain][0;39m [34mINFO [0;39m [32mcom.geo.dsp.GeoDspApplication[0;39m - No active profile set, falling back to 1 default profile: "default"
[31m2026-03-21 00:48:13.864[0;39m [33m[restartedMain][0;39m [34mINFO [0;39m [32mo.s.b.d.env.DevToolsPropertyDefaultsPostProcessor[0;39m - Devtools property defaults active! Set 'spring.devtools.add-properties' to 'false' to disable
[31m2026-03-21 00:48:13.864[0;39m [33m[restartedMain][0;39m [34mINFO [0;39m [32mo.s.b.d.env.DevToolsPropertyDefaultsPostProcessor[0;39m - For additional web related logging consider setting the 'logging.level.web' property to 'DEBUG'
[31m2026-03-21 00:48:15.152[0;39m [33m[restartedMain][0;39m [34mINFO [0;39m [32mo.s.boot.web.embedded.tomcat.TomcatWebServer[0;39m - Tomcat initialized with port 9966 (http)
[31m2026-03-21 00:48:15.162[0;39m [33m[restartedMain][0;39m [34mINFO [0;39m [32morg.apache.coyote.http11.Http11NioProtocol[0;39m - Initializing ProtocolHandler ["http-nio-9966"]
[31m2026-03-21 00:48:15.164[0;39m [33m[restartedMain][0;39m [34mINFO [0;39m [32morg.apache.catalina.core.StandardService[0;39m - Starting service [Tomcat]
[31m2026-03-21 00:48:15.165[0;39m [33m[restartedMain][0;39m [34mINFO [0;39m [32morg.apache.catalina.core.StandardEngine[0;39m - Starting Servlet engine: [Apache Tomcat/10.1.33]
[31m2026-03-21 00:48:15.210[0;39m [33m[restartedMain][0;39m [34mINFO [0;39m [32mo.a.c.c.ContainerBase.[Tomcat].[localhost].[/geo][0;39m - Initializing Spring embedded WebApplicationContext
[31m2026-03-21 00:48:15.211[0;39m [33m[restartedMain][0;39m [34mINFO [0;39m [32mo.s.b.w.s.c.ServletWebServerApplicationContext[0;39m - Root WebApplicationContext: initialization completed in 1346 ms
[31m2026-03-21 00:48:16.529[0;39m [33m[restartedMain][0;39m [34mINFO [0;39m [32mo.s.b.d.autoconfigure.OptionalLiveReloadServer[0;39m - LiveReload server is running on port 35729
[31m2026-03-21 00:48:16.564[0;39m [33m[restartedMain][0;39m [34mINFO [0;39m [32morg.apache.coyote.http11.Http11NioProtocol[0;39m - Starting ProtocolHandler ["http-nio-9966"]
[31m2026-03-21 00:48:16.578[0;39m [33m[restartedMain][0;39m [34mINFO [0;39m [32mo.s.boot.web.embedded.tomcat.TomcatWebServer[0;39m - Tomcat started on port 9966 (http) with context path '/geo'
[31m2026-03-21 00:48:16.596[0;39m [33m[restartedMain][0;39m [34mINFO [0;39m [32mcom.geo.dsp.GeoDspApplication[0;39m - Started GeoDspApplication in 3.121 seconds (process running for 3.443)
[31m2026-03-21 00:48:20.451[0;39m [33m[http-nio-9966-exec-1][0;39m [34mINFO [0;39m [32mo.a.c.c.ContainerBase.[Tomcat].[localhost].[/geo][0;39m - Initializing Spring DispatcherServlet 'dispatcherServlet'
[31m2026-03-21 00:48:20.451[0;39m [33m[http-nio-9966-exec-1][0;39m [34mINFO [0;39m [32morg.springframework.web.servlet.DispatcherServlet[0;39m - Initializing Servlet 'dispatcherServlet'
[31m2026-03-21 00:48:20.454[0;39m [33m[http-nio-9966-exec-1][0;39m [34mINFO [0;39m [32morg.springframework.web.servlet.DispatcherServlet[0;39m - Completed initialization in 2 ms
[31m2026-03-21 00:48:20.556[0;39m [33m[http-nio-9966-exec-1][0;39m [34mINFO [0;39m [32mcom.zaxxer.hikari.HikariDataSource[0;39m - HikariPool-1 - Starting...
[31m2026-03-21 00:48:20.774[0;39m [33m[http-nio-9966-exec-1][0;39m [34mINFO [0;39m [32mcom.zaxxer.hikari.pool.HikariPool[0;39m - HikariPool-1 - Added connection org.postgresql.jdbc.PgConnection@19652d69
[31m2026-03-21 00:48:20.775[0;39m [33m[http-nio-9966-exec-1][0;39m [34mINFO [0;39m [32mcom.zaxxer.hikari.HikariDataSource[0;39m - HikariPool-1 - Start completed.
[31m2026-03-21 00:50:49.408[0;39m [33m[SpringApplicationShutdownHook][0;39m [34mINFO [0;39m [32mo.s.boot.web.embedded.tomcat.GracefulShutdown[0;39m - Commencing graceful shutdown. Waiting for active requests to complete
[31m2026-03-21 00:50:49.463[0;39m [33m[tomcat-shutdown][0;39m [34mINFO [0;39m [32mo.s.boot.web.embedded.tomcat.GracefulShutdown[0;39m - Graceful shutdown complete
[31m2026-03-21 00:50:49.480[0;39m [33m[SpringApplicationShutdownHook][0;39m [34mINFO [0;39m [32mcom.zaxxer.hikari.HikariDataSource[0;39m - HikariPool-1 - Shutdown initiated...
[31m2026-03-21 00:50:49.482[0;39m [33m[SpringApplicationShutdownHook][0;39m [34mINFO [0;39m [32mcom.zaxxer.hikari.HikariDataSource[0;39m - HikariPool-1 - Shutdown completed.
[31m2026-03-21 00:50:54.568[0;39m [33m[background-preinit][0;39m [34mINFO [0;39m [32morg.hibernate.validator.internal.util.Version[0;39m - HV000001: Hibernate Validator 8.0.1.Final
[31m2026-03-21 00:50:54.602[0;39m [33m[restartedMain][0;39m [34mINFO [0;39m [32mcom.geo.dsp.GeoDspApplication[0;39m - Starting GeoDspApplication using Java 17.0.12 with PID 23444 (E:\GeoDsp(1)\GeoDsp\target\classes started by User in E:\GeoDsp(1))
[31m2026-03-21 00:50:54.603[0;39m [33m[restartedMain][0;39m [34mINFO [0;39m [32mcom.geo.dsp.GeoDspApplication[0;39m - No active profile set, falling back to 1 default profile: "default"
[31m2026-03-21 00:50:54.639[0;39m [33m[restartedMain][0;39m [34mINFO [0;39m [32mo.s.b.d.env.DevToolsPropertyDefaultsPostProcessor[0;39m - Devtools property defaults active! Set 'spring.devtools.add-properties' to 'false' to disable
[31m2026-03-21 00:50:54.639[0;39m [33m[restartedMain][0;39m [34mINFO [0;39m [32mo.s.b.d.env.DevToolsPropertyDefaultsPostProcessor[0;39m - For additional web related logging consider setting the 'logging.level.web' property to 'DEBUG'
[31m2026-03-21 00:50:55.888[0;39m [33m[restartedMain][0;39m [34mINFO [0;39m [32mo.s.boot.web.embedded.tomcat.TomcatWebServer[0;39m - Tomcat initialized with port 9966 (http)
[31m2026-03-21 00:50:55.897[0;39m [33m[restartedMain][0;39m [34mINFO [0;39m [32morg.apache.coyote.http11.Http11NioProtocol[0;39m - Initializing ProtocolHandler ["http-nio-9966"]
[31m2026-03-21 00:50:55.899[0;39m [33m[restartedMain][0;39m [34mINFO [0;39m [32morg.apache.catalina.core.StandardService[0;39m - Starting service [Tomcat]
[31m2026-03-21 00:50:55.899[0;39m [33m[restartedMain][0;39m [34mINFO [0;39m [32morg.apache.catalina.core.StandardEngine[0;39m - Starting Servlet engine: [Apache Tomcat/10.1.33]
[31m2026-03-21 00:50:55.942[0;39m [33m[restartedMain][0;39m [34mINFO [0;39m [32mo.a.c.c.ContainerBase.[Tomcat].[localhost].[/geo][0;39m - Initializing Spring embedded WebApplicationContext
[31m2026-03-21 00:50:55.943[0;39m [33m[restartedMain][0;39m [34mINFO [0;39m [32mo.s.b.w.s.c.ServletWebServerApplicationContext[0;39m - Root WebApplicationContext: initialization completed in 1304 ms
[31m2026-03-21 00:50:57.267[0;39m [33m[restartedMain][0;39m [34mINFO [0;39m [32mo.s.b.d.autoconfigure.OptionalLiveReloadServer[0;39m - LiveReload server is running on port 35729
[31m2026-03-21 00:50:57.302[0;39m [33m[restartedMain][0;39m [34mINFO [0;39m [32morg.apache.coyote.http11.Http11NioProtocol[0;39m - Starting ProtocolHandler ["http-nio-9966"]
[31m2026-03-21 00:50:57.316[0;39m [33m[restartedMain][0;39m [34mINFO [0;39m [32mo.s.boot.web.embedded.tomcat.TomcatWebServer[0;39m - Tomcat started on port 9966 (http) with context path '/geo'
[31m2026-03-21 00:50:57.335[0;39m [33m[restartedMain][0;39m [34mINFO [0;39m [32mcom.geo.dsp.GeoDspApplication[0;39m - Started GeoDspApplication in 3.098 seconds (process running for 3.42)
[31m2026-03-21 00:51:00.378[0;39m [33m[http-nio-9966-exec-3][0;39m [34mINFO [0;39m [32mo.a.c.c.ContainerBase.[Tomcat].[localhost].[/geo][0;39m - Initializing Spring DispatcherServlet 'dispatcherServlet'
[31m2026-03-21 00:51:00.378[0;39m [33m[http-nio-9966-exec-3][0;39m [34mINFO [0;39m [32morg.springframework.web.servlet.DispatcherServlet[0;39m - Initializing Servlet 'dispatcherServlet'
[31m2026-03-21 00:51:00.380[0;39m [33m[http-nio-9966-exec-3][0;39m [34mINFO [0;39m [32morg.springframework.web.servlet.DispatcherServlet[0;39m - Completed initialization in 1 ms
[31m2026-03-21 00:51:00.479[0;39m [33m[http-nio-9966-exec-3][0;39m [34mINFO [0;39m [32mcom.zaxxer.hikari.HikariDataSource[0;39m - HikariPool-1 - Starting...
[31m2026-03-21 00:51:00.680[0;39m [33m[http-nio-9966-exec-3][0;39m [34mINFO [0;39m [32mcom.zaxxer.hikari.pool.HikariPool[0;39m - HikariPool-1 - Added connection org.postgresql.jdbc.PgConnection@19652d69
[31m2026-03-21 00:51:00.681[0;39m [33m[http-nio-9966-exec-3][0;39m [34mINFO [0;39m [32mcom.zaxxer.hikari.HikariDataSource[0;39m - HikariPool-1 - Start completed.
[31m2026-03-21 00:52:24.367[0;39m [33m[SpringApplicationShutdownHook][0;39m [34mINFO [0;39m [32mo.s.boot.web.embedded.tomcat.GracefulShutdown[0;39m - Commencing graceful shutdown. Waiting for active requests to complete
[31m2026-03-21 00:52:24.425[0;39m [33m[tomcat-shutdown][0;39m [34mINFO [0;39m [32mo.s.boot.web.embedded.tomcat.GracefulShutdown[0;39m - Graceful shutdown complete
[31m2026-03-21 00:52:24.443[0;39m [33m[SpringApplicationShutdownHook][0;39m [34mINFO [0;39m [32mcom.zaxxer.hikari.HikariDataSource[0;39m - HikariPool-1 - Shutdown initiated...
[31m2026-03-21 00:52:24.445[0;39m [33m[SpringApplicationShutdownHook][0;39m [34mINFO [0;39m [32mcom.zaxxer.hikari.HikariDataSource[0;39m - HikariPool-1 - Shutdown completed.
[31m2026-03-21 00:52:32.259[0;39m [33m[background-preinit][0;39m [34mINFO [0;39m [32morg.hibernate.validator.internal.util.Version[0;39m - HV000001: Hibernate Validator 8.0.1.Final
[31m2026-03-21 00:52:32.292[0;39m [33m[restartedMain][0;39m [34mINFO [0;39m [32mcom.geo.dsp.GeoDspApplication[0;39m - Starting GeoDspApplication using Java 17.0.12 with PID 21532 (E:\GeoDsp(1)\GeoDsp\target\classes started by User in E:\GeoDsp(1))
[31m2026-03-21 00:52:32.294[0;39m [33m[restartedMain][0;39m [34mINFO [0;39m [32mcom.geo.dsp.GeoDspApplication[0;39m - No active profile set, falling back to 1 default profile: "default"
[31m2026-03-21 00:52:32.331[0;39m [33m[restartedMain][0;39m [34mINFO [0;39m [32mo.s.b.d.env.DevToolsPropertyDefaultsPostProcessor[0;39m - Devtools property defaults active! Set 'spring.devtools.add-properties' to 'false' to disable
[31m2026-03-21 00:52:32.331[0;39m [33m[restartedMain][0;39m [34mINFO [0;39m [32mo.s.b.d.env.DevToolsPropertyDefaultsPostProcessor[0;39m - For additional web related logging consider setting the 'logging.level.web' property to 'DEBUG'
[31m2026-03-21 00:52:33.559[0;39m [33m[restartedMain][0;39m [34mINFO [0;39m [32mo.s.boot.web.embedded.tomcat.TomcatWebServer[0;39m - Tomcat initialized with port 9966 (http)
[31m2026-03-21 00:52:33.570[0;39m [33m[restartedMain][0;39m [34mINFO [0;39m [32morg.apache.coyote.http11.Http11NioProtocol[0;39m - Initializing ProtocolHandler ["http-nio-9966"]
[31m2026-03-21 00:52:33.572[0;39m [33m[restartedMain][0;39m [34mINFO [0;39m [32morg.apache.catalina.core.StandardService[0;39m - Starting service [Tomcat]
[31m2026-03-21 00:52:33.573[0;39m [33m[restartedMain][0;39m [34mINFO [0;39m [32morg.apache.catalina.core.StandardEngine[0;39m - Starting Servlet engine: [Apache Tomcat/10.1.33]
[31m2026-03-21 00:52:33.618[0;39m [33m[restartedMain][0;39m [34mINFO [0;39m [32mo.a.c.c.ContainerBase.[Tomcat].[localhost].[/geo][0;39m - Initializing Spring embedded WebApplicationContext
[31m2026-03-21 00:52:33.619[0;39m [33m[restartedMain][0;39m [34mINFO [0;39m [32mo.s.b.w.s.c.ServletWebServerApplicationContext[0;39m - Root WebApplicationContext: initialization completed in 1288 ms
[31m2026-03-21 00:52:35.006[0;39m [33m[restartedMain][0;39m [34mINFO [0;39m [32mo.s.b.d.autoconfigure.OptionalLiveReloadServer[0;39m - LiveReload server is running on port 35729
[31m2026-03-21 00:52:35.041[0;39m [33m[restartedMain][0;39m [34mINFO [0;39m [32morg.apache.coyote.http11.Http11NioProtocol[0;39m - Starting ProtocolHandler ["http-nio-9966"]
[31m2026-03-21 00:52:35.056[0;39m [33m[restartedMain][0;39m [34mINFO [0;39m [32mo.s.boot.web.embedded.tomcat.TomcatWebServer[0;39m - Tomcat started on port 9966 (http) with context path '/geo'
[31m2026-03-21 00:52:35.077[0;39m [33m[restartedMain][0;39m [34mINFO [0;39m [32mcom.geo.dsp.GeoDspApplication[0;39m - Started GeoDspApplication in 3.14 seconds (process running for 3.464)
[31m2026-03-21 00:52:40.927[0;39m [33m[http-nio-9966-exec-1][0;39m [34mINFO [0;39m [32mo.a.c.c.ContainerBase.[Tomcat].[localhost].[/geo][0;39m - Initializing Spring DispatcherServlet 'dispatcherServlet'
[31m2026-03-21 00:52:40.927[0;39m [33m[http-nio-9966-exec-1][0;39m [34mINFO [0;39m [32morg.springframework.web.servlet.DispatcherServlet[0;39m - Initializing Servlet 'dispatcherServlet'
[31m2026-03-21 00:52:40.930[0;39m [33m[http-nio-9966-exec-1][0;39m [34mINFO [0;39m [32morg.springframework.web.servlet.DispatcherServlet[0;39m - Completed initialization in 3 ms
[31m2026-03-21 00:52:41.032[0;39m [33m[http-nio-9966-exec-1][0;39m [34mINFO [0;39m [32mcom.zaxxer.hikari.HikariDataSource[0;39m - HikariPool-1 - Starting...
[31m2026-03-21 00:52:41.250[0;39m [33m[http-nio-9966-exec-1][0;39m [34mINFO [0;39m [32mcom.zaxxer.hikari.pool.HikariPool[0;39m - HikariPool-1 - Added connection org.postgresql.jdbc.PgConnection@25241ca1
[31m2026-03-21 00:52:41.252[0;39m [33m[http-nio-9966-exec-1][0;39m [34mINFO [0;39m [32mcom.zaxxer.hikari.HikariDataSource[0;39m - HikariPool-1 - Start completed.
[31m2026-03-21 00:58:10.695[0;39m [33m[SpringApplicationShutdownHook][0;39m [34mINFO [0;39m [32mo.s.boot.web.embedded.tomcat.GracefulShutdown[0;39m - Commencing graceful shutdown. Waiting for active requests to complete
[31m2026-03-21 00:58:10.758[0;39m [33m[tomcat-shutdown][0;39m [34mINFO [0;39m [32mo.s.boot.web.embedded.tomcat.GracefulShutdown[0;39m - Graceful shutdown complete
[31m2026-03-21 00:58:10.775[0;39m [33m[SpringApplicationShutdownHook][0;39m [34mINFO [0;39m [32mcom.zaxxer.hikari.HikariDataSource[0;39m - HikariPool-1 - Shutdown initiated...
[31m2026-03-21 00:58:10.778[0;39m [33m[SpringApplicationShutdownHook][0;39m [34mINFO [0;39m [32mcom.zaxxer.hikari.HikariDataSource[0;39m - HikariPool-1 - Shutdown completed.
[31m2026-03-21 13:41:04.925[0;39m [33m[background-preinit][0;39m [34mINFO [0;39m [32morg.hibernate.validator.internal.util.Version[0;39m - HV000001: Hibernate Validator 8.0.1.Final
[31m2026-03-21 13:41:04.965[0;39m [33m[restartedMain][0;39m [34mINFO [0;39m [32mcom.geo.dsp.GeoDspApplication[0;39m - Starting GeoDspApplication using Java 17.0.12 with PID 4180 (E:\GeoDsp(1)\GeoDsp\target\classes started by User in E:\GeoDsp(1))
[31m2026-03-21 13:41:04.965[0;39m [33m[restartedMain][0;39m [34mINFO [0;39m [32mcom.geo.dsp.GeoDspApplication[0;39m - No active profile set, falling back to 1 default profile: "default"
[31m2026-03-21 13:41:05.004[0;39m [33m[restartedMain][0;39m [34mINFO [0;39m [32mo.s.b.d.env.DevToolsPropertyDefaultsPostProcessor[0;39m - Devtools property defaults active! Set 'spring.devtools.add-properties' to 'false' to disable
[31m2026-03-21 13:41:05.004[0;39m [33m[restartedMain][0;39m [34mINFO [0;39m [32mo.s.b.d.env.DevToolsPropertyDefaultsPostProcessor[0;39m - For additional web related logging consider setting the 'logging.level.web' property to 'DEBUG'
[31m2026-03-21 13:41:06.495[0;39m [33m[restartedMain][0;39m [34mINFO [0;39m [32mo.s.boot.web.embedded.tomcat.TomcatWebServer[0;39m - Tomcat initialized with port 9966 (http)
[31m2026-03-21 13:41:06.500[0;39m [33m[restartedMain][0;39m [34mINFO [0;39m [32morg.apache.coyote.http11.Http11NioProtocol[0;39m - Initializing ProtocolHandler ["http-nio-9966"]
[31m2026-03-21 13:41:06.510[0;39m [33m[restartedMain][0;39m [34mINFO [0;39m [32morg.apache.catalina.core.StandardService[0;39m - Starting service [Tomcat]
[31m2026-03-21 13:41:06.510[0;39m [33m[restartedMain][0;39m [34mINFO [0;39m [32morg.apache.catalina.core.StandardEngine[0;39m - Starting Servlet engine: [Apache Tomcat/10.1.33]
[31m2026-03-21 13:41:06.556[0;39m [33m[restartedMain][0;39m [34mINFO [0;39m [32mo.a.c.c.ContainerBase.[Tomcat].[localhost].[/geo][0;39m - Initializing Spring embedded WebApplicationContext
[31m2026-03-21 13:41:06.556[0;39m [33m[restartedMain][0;39m [34mINFO [0;39m [32mo.s.b.w.s.c.ServletWebServerApplicationContext[0;39m - Root WebApplicationContext: initialization completed in 1552 ms
[31m2026-03-21 13:41:08.102[0;39m [33m[restartedMain][0;39m [34mINFO [0;39m [32mo.s.b.d.autoconfigure.OptionalLiveReloadServer[0;39m - LiveReload server is running on port 35729
[31m2026-03-21 13:41:08.138[0;39m [33m[restartedMain][0;39m [34mINFO [0;39m [32morg.apache.coyote.http11.Http11NioProtocol[0;39m - Starting ProtocolHandler ["http-nio-9966"]
[31m2026-03-21 13:41:08.158[0;39m [33m[restartedMain][0;39m [34mINFO [0;39m [32mo.s.boot.web.embedded.tomcat.TomcatWebServer[0;39m - Tomcat started on port 9966 (http) with context path '/geo'
[31m2026-03-21 13:41:08.179[0;39m [33m[restartedMain][0;39m [34mINFO [0;39m [32mcom.geo.dsp.GeoDspApplication[0;39m - Started GeoDspApplication in 3.648 seconds (process running for 4.185)
[31m2026-03-21 13:44:45.307[0;39m [33m[http-nio-9966-exec-1][0;39m [34mINFO [0;39m [32mo.a.c.c.ContainerBase.[Tomcat].[localhost].[/geo][0;39m - Initializing Spring DispatcherServlet 'dispatcherServlet'
[31m2026-03-21 13:44:45.307[0;39m [33m[http-nio-9966-exec-1][0;39m [34mINFO [0;39m [32morg.springframework.web.servlet.DispatcherServlet[0;39m - Initializing Servlet 'dispatcherServlet'
[31m2026-03-21 13:44:45.307[0;39m [33m[http-nio-9966-exec-1][0;39m [34mINFO [0;39m [32morg.springframework.web.servlet.DispatcherServlet[0;39m - Completed initialization in 0 ms
[31m2026-03-21 13:44:45.394[0;39m [33m[http-nio-9966-exec-1][0;39m [34mINFO [0;39m [32mcom.zaxxer.hikari.HikariDataSource[0;39m - HikariPool-1 - Starting...
[31m2026-03-21 13:44:45.604[0;39m [33m[http-nio-9966-exec-1][0;39m [34mINFO [0;39m [32mcom.zaxxer.hikari.pool.HikariPool[0;39m - HikariPool-1 - Added connection org.postgresql.jdbc.PgConnection@19652d69
[31m2026-03-21 13:44:45.608[0;39m [33m[http-nio-9966-exec-1][0;39m [34mINFO [0;39m [32mcom.zaxxer.hikari.HikariDataSource[0;39m - HikariPool-1 - Start completed.
[31m2026-03-21 15:37:53.670[0;39m [33m[SpringApplicationShutdownHook][0;39m [34mINFO [0;39m [32mo.s.boot.web.embedded.tomcat.GracefulShutdown[0;39m - Commencing graceful shutdown. Waiting for active requests to complete
[31m2026-03-21 15:37:53.724[0;39m [33m[tomcat-shutdown][0;39m [34mINFO [0;39m [32mo.s.boot.web.embedded.tomcat.GracefulShutdown[0;39m - Graceful shutdown complete
[31m2026-03-21 15:37:53.745[0;39m [33m[SpringApplicationShutdownHook][0;39m [34mINFO [0;39m [32mcom.zaxxer.hikari.HikariDataSource[0;39m - HikariPool-1 - Shutdown initiated...
[31m2026-03-21 15:37:53.750[0;39m [33m[SpringApplicationShutdownHook][0;39m [34mINFO [0;39m [32mcom.zaxxer.hikari.HikariDataSource[0;39m - HikariPool-1 - Shutdown completed.
[31m2026-03-21 15:38:03.540[0;39m [33m[background-preinit][0;39m [34mINFO [0;39m [32morg.hibernate.validator.internal.util.Version[0;39m - HV000001: Hibernate Validator 8.0.1.Final
[31m2026-03-21 15:38:03.571[0;39m [33m[restartedMain][0;39m [34mINFO [0;39m [32mcom.geo.dsp.GeoDspApplication[0;39m - Starting GeoDspApplication using Java 17.0.12 with PID 21536 (E:\GeoDsp(1)\GeoDsp\target\classes started by User in E:\GeoDsp(1))
[31m2026-03-21 15:38:03.572[0;39m [33m[restartedMain][0;39m [34mINFO [0;39m [32mcom.geo.dsp.GeoDspApplication[0;39m - No active profile set, falling back to 1 default profile: "default"
[31m2026-03-21 15:38:03.611[0;39m [33m[restartedMain][0;39m [34mINFO [0;39m [32mo.s.b.d.env.DevToolsPropertyDefaultsPostProcessor[0;39m - Devtools property defaults active! Set 'spring.devtools.add-properties' to 'false' to disable
[31m2026-03-21 15:38:03.611[0;39m [33m[restartedMain][0;39m [34mINFO [0;39m [32mo.s.b.d.env.DevToolsPropertyDefaultsPostProcessor[0;39m - For additional web related logging consider setting the 'logging.level.web' property to 'DEBUG'
[31m2026-03-21 15:38:04.883[0;39m [33m[restartedMain][0;39m [34mINFO [0;39m [32mo.s.boot.web.embedded.tomcat.TomcatWebServer[0;39m - Tomcat initialized with port 9966 (http)
[31m2026-03-21 15:38:04.894[0;39m [33m[restartedMain][0;39m [34mINFO [0;39m [32morg.apache.coyote.http11.Http11NioProtocol[0;39m - Initializing ProtocolHandler ["http-nio-9966"]
[31m2026-03-21 15:38:04.894[0;39m [33m[restartedMain][0;39m [34mINFO [0;39m [32morg.apache.catalina.core.StandardService[0;39m - Starting service [Tomcat]
[31m2026-03-21 15:38:04.894[0;39m [33m[restartedMain][0;39m [34mINFO [0;39m [32morg.apache.catalina.core.StandardEngine[0;39m - Starting Servlet engine: [Apache Tomcat/10.1.33]
[31m2026-03-21 15:38:04.941[0;39m [33m[restartedMain][0;39m [34mINFO [0;39m [32mo.a.c.c.ContainerBase.[Tomcat].[localhost].[/geo][0;39m - Initializing Spring embedded WebApplicationContext
[31m2026-03-21 15:38:04.944[0;39m [33m[restartedMain][0;39m [34mINFO [0;39m [32mo.s.b.w.s.c.ServletWebServerApplicationContext[0;39m - Root WebApplicationContext: initialization completed in 1332 ms
[31m2026-03-21 15:38:06.297[0;39m [33m[restartedMain][0;39m [34mINFO [0;39m [32mo.s.b.d.autoconfigure.OptionalLiveReloadServer[0;39m - LiveReload server is running on port 35729
[31m2026-03-21 15:38:06.335[0;39m [33m[restartedMain][0;39m [34mINFO [0;39m [32morg.apache.coyote.http11.Http11NioProtocol[0;39m - Starting ProtocolHandler ["http-nio-9966"]
[31m2026-03-21 15:38:06.349[0;39m [33m[restartedMain][0;39m [34mINFO [0;39m [32mo.s.boot.web.embedded.tomcat.TomcatWebServer[0;39m - Tomcat started on port 9966 (http) with context path '/geo'
[31m2026-03-21 15:38:06.364[0;39m [33m[restartedMain][0;39m [34mINFO [0;39m [32mcom.geo.dsp.GeoDspApplication[0;39m - Started GeoDspApplication in 3.153 seconds (process running for 3.499)
[31m2026-03-21 15:38:10.178[0;39m [33m[http-nio-9966-exec-1][0;39m [34mINFO [0;39m [32mo.a.c.c.ContainerBase.[Tomcat].[localhost].[/geo][0;39m - Initializing Spring DispatcherServlet 'dispatcherServlet'
[31m2026-03-21 15:38:10.178[0;39m [33m[http-nio-9966-exec-1][0;39m [34mINFO [0;39m [32morg.springframework.web.servlet.DispatcherServlet[0;39m - Initializing Servlet 'dispatcherServlet'
[31m2026-03-21 15:38:10.184[0;39m [33m[http-nio-9966-exec-1][0;39m [34mINFO [0;39m [32morg.springframework.web.servlet.DispatcherServlet[0;39m - Completed initialization in 6 ms
[31m2026-03-21 15:38:10.285[0;39m [33m[http-nio-9966-exec-1][0;39m [34mINFO [0;39m [32mcom.zaxxer.hikari.HikariDataSource[0;39m - HikariPool-1 - Starting...
[31m2026-03-21 15:38:10.507[0;39m [33m[http-nio-9966-exec-1][0;39m [34mINFO [0;39m [32mcom.zaxxer.hikari.pool.HikariPool[0;39m - HikariPool-1 - Added connection org.postgresql.jdbc.PgConnection@2144a396
[31m2026-03-21 15:38:10.507[0;39m [33m[http-nio-9966-exec-1][0;39m [34mINFO [0;39m [32mcom.zaxxer.hikari.HikariDataSource[0;39m - HikariPool-1 - Start completed.
[31m2026-03-21 15:43:29.655[0;39m [33m[SpringApplicationShutdownHook][0;39m [34mINFO [0;39m [32mo.s.boot.web.embedded.tomcat.GracefulShutdown[0;39m - Commencing graceful shutdown. Waiting for active requests to complete
[31m2026-03-21 15:43:29.719[0;39m [33m[tomcat-shutdown][0;39m [34mINFO [0;39m [32mo.s.boot.web.embedded.tomcat.GracefulShutdown[0;39m - Graceful shutdown complete
[31m2026-03-21 15:43:29.738[0;39m [33m[SpringApplicationShutdownHook][0;39m [34mINFO [0;39m [32mcom.zaxxer.hikari.HikariDataSource[0;39m - HikariPool-1 - Shutdown initiated...
[31m2026-03-21 15:43:29.738[0;39m [33m[SpringApplicationShutdownHook][0;39m [34mINFO [0;39m [32mcom.zaxxer.hikari.HikariDataSource[0;39m - HikariPool-1 - Shutdown completed.
[31m2026-03-21 15:43:35.364[0;39m [33m[background-preinit][0;39m [34mINFO [0;39m [32morg.hibernate.validator.internal.util.Version[0;39m - HV000001: Hibernate Validator 8.0.1.Final
[31m2026-03-21 15:43:35.396[0;39m [33m[restartedMain][0;39m [34mINFO [0;39m [32mcom.geo.dsp.GeoDspApplication[0;39m - Starting GeoDspApplication using Java 17.0.12 with PID 22000 (E:\GeoDsp(1)\GeoDsp\target\classes started by User in E:\GeoDsp(1))
[31m2026-03-21 15:43:35.396[0;39m [33m[restartedMain][0;39m [34mINFO [0;39m [32mcom.geo.dsp.GeoDspApplication[0;39m - No active profile set, falling back to 1 default profile: "default"
[31m2026-03-21 15:43:35.435[0;39m [33m[restartedMain][0;39m [34mINFO [0;39m [32mo.s.b.d.env.DevToolsPropertyDefaultsPostProcessor[0;39m - Devtools property defaults active! Set 'spring.devtools.add-properties' to 'false' to disable
[31m2026-03-21 15:43:35.435[0;39m [33m[restartedMain][0;39m [34mINFO [0;39m [32mo.s.b.d.env.DevToolsPropertyDefaultsPostProcessor[0;39m - For additional web related logging consider setting the 'logging.level.web' property to 'DEBUG'
[31m2026-03-21 15:43:36.694[0;39m [33m[restartedMain][0;39m [34mINFO [0;39m [32mo.s.boot.web.embedded.tomcat.TomcatWebServer[0;39m - Tomcat initialized with port 9966 (http)
[31m2026-03-21 15:43:36.704[0;39m [33m[restartedMain][0;39m [34mINFO [0;39m [32morg.apache.coyote.http11.Http11NioProtocol[0;39m - Initializing ProtocolHandler ["http-nio-9966"]
[31m2026-03-21 15:43:36.711[0;39m [33m[restartedMain][0;39m [34mINFO [0;39m [32morg.apache.catalina.core.StandardService[0;39m - Starting service [Tomcat]
[31m2026-03-21 15:43:36.711[0;39m [33m[restartedMain][0;39m [34mINFO [0;39m [32morg.apache.catalina.core.StandardEngine[0;39m - Starting Servlet engine: [Apache Tomcat/10.1.33]
[31m2026-03-21 15:43:36.755[0;39m [33m[restartedMain][0;39m [34mINFO [0;39m [32mo.a.c.c.ContainerBase.[Tomcat].[localhost].[/geo][0;39m - Initializing Spring embedded WebApplicationContext
[31m2026-03-21 15:43:36.755[0;39m [33m[restartedMain][0;39m [34mINFO [0;39m [32mo.s.b.w.s.c.ServletWebServerApplicationContext[0;39m - Root WebApplicationContext: initialization completed in 1318 ms
[31m2026-03-21 15:43:38.064[0;39m [33m[restartedMain][0;39m [34mINFO [0;39m [32mo.s.b.d.autoconfigure.OptionalLiveReloadServer[0;39m - LiveReload server is running on port 35729
[31m2026-03-21 15:43:38.094[0;39m [33m[restartedMain][0;39m [34mINFO [0;39m [32morg.apache.coyote.http11.Http11NioProtocol[0;39m - Starting ProtocolHandler ["http-nio-9966"]
[31m2026-03-21 15:43:38.113[0;39m [33m[restartedMain][0;39m [34mINFO [0;39m [32mo.s.boot.web.embedded.tomcat.TomcatWebServer[0;39m - Tomcat started on port 9966 (http) with context path '/geo'
[31m2026-03-21 15:43:38.130[0;39m [33m[restartedMain][0;39m [34mINFO [0;39m [32mcom.geo.dsp.GeoDspApplication[0;39m - Started GeoDspApplication in 3.102 seconds (process running for 3.428)
[31m2026-03-21 15:43:45.230[0;39m [33m[http-nio-9966-exec-1][0;39m [34mINFO [0;39m [32mo.a.c.c.ContainerBase.[Tomcat].[localhost].[/geo][0;39m - Initializing Spring DispatcherServlet 'dispatcherServlet'
[31m2026-03-21 15:43:45.230[0;39m [33m[http-nio-9966-exec-1][0;39m [34mINFO [0;39m [32morg.springframework.web.servlet.DispatcherServlet[0;39m - Initializing Servlet 'dispatcherServlet'
[31m2026-03-21 15:43:45.234[0;39m [33m[http-nio-9966-exec-1][0;39m [34mINFO [0;39m [32morg.springframework.web.servlet.DispatcherServlet[0;39m - Completed initialization in 3 ms
[31m2026-03-21 15:43:45.370[0;39m [33m[http-nio-9966-exec-1][0;39m [34mINFO [0;39m [32mcom.zaxxer.hikari.HikariDataSource[0;39m - HikariPool-1 - Starting...
[31m2026-03-21 15:43:45.564[0;39m [33m[http-nio-9966-exec-1][0;39m [34mINFO [0;39m [32mcom.zaxxer.hikari.pool.HikariPool[0;39m - HikariPool-1 - Added connection org.postgresql.jdbc.PgConnection@2144a396
[31m2026-03-21 15:43:45.564[0;39m [33m[http-nio-9966-exec-1][0;39m [34mINFO [0;39m [32mcom.zaxxer.hikari.HikariDataSource[0;39m - HikariPool-1 - Start completed.
[31m2026-03-21 22:51:14.308[0;39m [33m[SpringApplicationShutdownHook][0;39m [34mINFO [0;39m [32mo.s.boot.web.embedded.tomcat.GracefulShutdown[0;39m - Commencing graceful shutdown. Waiting for active requests to complete
[31m2026-03-21 22:51:14.430[0;39m [33m[tomcat-shutdown][0;39m [34mINFO [0;39m [32mo.s.boot.web.embedded.tomcat.GracefulShutdown[0;39m - Graceful shutdown complete
[31m2026-03-21 22:51:14.458[0;39m [33m[SpringApplicationShutdownHook][0;39m [34mINFO [0;39m [32mcom.zaxxer.hikari.HikariDataSource[0;39m - HikariPool-1 - Shutdown initiated...
[31m2026-03-21 22:51:14.458[0;39m [33m[SpringApplicationShutdownHook][0;39m [34mINFO [0;39m [32mcom.zaxxer.hikari.HikariDataSource[0;39m - HikariPool-1 - Shutdown completed.
