[31m2026-03-28 21:21:54.428[0;39m [33m[background-preinit][0;39m [34mINFO [0;39m [32morg.hibernate.validator.internal.util.Version[0;39m - HV000001: Hibernate Validator 8.0.1.Final
[31m2026-03-28 21:21:54.462[0;39m [33m[restartedMain][0;39m [34mINFO [0;39m [32mcom.geo.dsp.GeoDspApplication[0;39m - Starting GeoDspApplication using Java 17.0.17 with PID 4864 (D:\ZhiNengWuTan\GeoDsp(2)\GeoDsp(1)\GeoDsp\target\classes started by zhiluo in D:\ZhiNengWuTan\GeoDsp(2)\GeoDsp(1))
[31m2026-03-28 21:21:54.464[0;39m [33m[restartedMain][0;39m [34mINFO [0;39m [32mcom.geo.dsp.GeoDspApplication[0;39m - No active profile set, falling back to 1 default profile: "default"
[31m2026-03-28 21:21:54.495[0;39m [33m[restartedMain][0;39m [34mINFO [0;39m [32mo.s.b.d.env.DevToolsPropertyDefaultsPostProcessor[0;39m - Devtools property defaults active! Set 'spring.devtools.add-properties' to 'false' to disable
[31m2026-03-28 21:21:54.495[0;39m [33m[restartedMain][0;39m [34mINFO [0;39m [32mo.s.b.d.env.DevToolsPropertyDefaultsPostProcessor[0;39m - For additional web related logging consider setting the 'logging.level.web' property to 'DEBUG'
[31m2026-03-28 21:21:55.477[0;39m [33m[restartedMain][0;39m [34mINFO [0;39m [32mo.s.boot.web.embedded.tomcat.TomcatWebServer[0;39m - Tomcat initialized with port 9966 (http)
[31m2026-03-28 21:21:55.479[0;39m [33m[restartedMain][0;39m [34mINFO [0;39m [32morg.apache.catalina.core.AprLifecycleListener[0;39m - Loaded Apache Tomcat Native library [2.0.14] using APR version [1.7.6].
[31m2026-03-28 21:21:55.480[0;39m [33m[restartedMain][0;39m [34mINFO [0;39m [32morg.apache.catalina.core.AprLifecycleListener[0;39m - OpenSSL successfully initialized [OpenSSL 3.5.5 27 Jan 2026]
[31m2026-03-28 21:21:55.487[0;39m [33m[restartedMain][0;39m [34mINFO [0;39m [32morg.apache.coyote.http11.Http11NioProtocol[0;39m - Initializing ProtocolHandler ["http-nio-9966"]
[31m2026-03-28 21:21:55.489[0;39m [33m[restartedMain][0;39m [34mINFO [0;39m [32morg.apache.catalina.core.StandardService[0;39m - Starting service [Tomcat]
[31m2026-03-28 21:21:55.489[0;39m [33m[restartedMain][0;39m [34mINFO [0;39m [32morg.apache.catalina.core.StandardEngine[0;39m - Starting Servlet engine: [Apache Tomcat/10.1.33]
[31m2026-03-28 21:21:55.535[0;39m [33m[restartedMain][0;39m [34mINFO [0;39m [32mo.a.c.c.ContainerBase.[Tomcat].[localhost].[/geo][0;39m - Initializing Spring embedded WebApplicationContext
[31m2026-03-28 21:21:55.535[0;39m [33m[restartedMain][0;39m [34mINFO [0;39m [32mo.s.b.w.s.c.ServletWebServerApplicationContext[0;39m - Root WebApplicationContext: initialization completed in 1040 ms
[31m2026-03-28 21:21:56.615[0;39m [33m[restartedMain][0;39m [34mINFO [0;39m [32mo.s.b.d.autoconfigure.OptionalLiveReloadServer[0;39m - LiveReload server is running on port 35729
[31m2026-03-28 21:21:56.674[0;39m [33m[restartedMain][0;39m [34mINFO [0;39m [32morg.apache.coyote.http11.Http11NioProtocol[0;39m - Starting ProtocolHandler ["http-nio-9966"]
[31m2026-03-28 21:25:27.763[0;39m [33m[background-preinit][0;39m [34mINFO [0;39m [32morg.hibernate.validator.internal.util.Version[0;39m - HV000001: Hibernate Validator 8.0.1.Final
[31m2026-03-28 21:25:27.789[0;39m [33m[restartedMain][0;39m [34mINFO [0;39m [32mcom.geo.dsp.GeoDspApplication[0;39m - Starting GeoDspApplication using Java 17.0.17 with PID 14268 (D:\ZhiNengWuTan\GeoDsp(2)\GeoDsp(1)\GeoDsp\target\classes started by zhiluo in D:\ZhiNengWuTan\GeoDsp(2)\GeoDsp(1))
[31m2026-03-28 21:25:27.791[0;39m [33m[restartedMain][0;39m [34mINFO [0;39m [32mcom.geo.dsp.GeoDspApplication[0;39m - No active profile set, falling back to 1 default profile: "default"
[31m2026-03-28 21:25:27.820[0;39m [33m[restartedMain][0;39m [34mINFO [0;39m [32mo.s.b.d.env.DevToolsPropertyDefaultsPostProcessor[0;39m - Devtools property defaults active! Set 'spring.devtools.add-properties' to 'false' to disable
[31m2026-03-28 21:25:27.820[0;39m [33m[restartedMain][0;39m [34mINFO [0;39m [32mo.s.b.d.env.DevToolsPropertyDefaultsPostProcessor[0;39m - For additional web related logging consider setting the 'logging.level.web' property to 'DEBUG'
[31m2026-03-28 21:25:28.788[0;39m [33m[restartedMain][0;39m [34mINFO [0;39m [32mo.s.boot.web.embedded.tomcat.TomcatWebServer[0;39m - Tomcat initialized with port 9966 (http)
[31m2026-03-28 21:25:28.791[0;39m [33m[restartedMain][0;39m [34mINFO [0;39m [32morg.apache.catalina.core.AprLifecycleListener[0;39m - Loaded Apache Tomcat Native library [2.0.14] using APR version [1.7.6].
[31m2026-03-28 21:25:28.793[0;39m [33m[restartedMain][0;39m [34mINFO [0;39m [32morg.apache.catalina.core.AprLifecycleListener[0;39m - OpenSSL successfully initialized [OpenSSL 3.5.5 27 Jan 2026]
[31m2026-03-28 21:25:28.800[0;39m [33m[restartedMain][0;39m [34mINFO [0;39m [32morg.apache.coyote.http11.Http11NioProtocol[0;39m - Initializing ProtocolHandler ["http-nio-9966"]
[31m2026-03-28 21:25:28.800[0;39m [33m[restartedMain][0;39m [34mINFO [0;39m [32morg.apache.catalina.core.StandardService[0;39m - Starting service [Tomcat]
[31m2026-03-28 21:25:28.800[0;39m [33m[restartedMain][0;39m [34mINFO [0;39m [32morg.apache.catalina.core.StandardEngine[0;39m - Starting Servlet engine: [Apache Tomcat/10.1.33]
[31m2026-03-28 21:25:28.851[0;39m [33m[restartedMain][0;39m [34mINFO [0;39m [32mo.a.c.c.ContainerBase.[Tomcat].[localhost].[/geo][0;39m - Initializing Spring embedded WebApplicationContext
[31m2026-03-28 21:25:28.851[0;39m [33m[restartedMain][0;39m [34mINFO [0;39m [32mo.s.b.w.s.c.ServletWebServerApplicationContext[0;39m - Root WebApplicationContext: initialization completed in 1031 ms
[31m2026-03-28 21:25:29.939[0;39m [33m[restartedMain][0;39m [34mINFO [0;39m [32mo.s.b.d.autoconfigure.OptionalLiveReloadServer[0;39m - LiveReload server is running on port 35729
[31m2026-03-28 21:25:29.985[0;39m [33m[restartedMain][0;39m [34mINFO [0;39m [32morg.apache.coyote.http11.Http11NioProtocol[0;39m - Starting ProtocolHandler ["http-nio-9966"]
[31m2026-03-28 21:25:29.999[0;39m [33m[restartedMain][0;39m [34mINFO [0;39m [32mo.s.boot.web.embedded.tomcat.TomcatWebServer[0;39m - Tomcat started on port 9966 (http) with context path '/geo'
[31m2026-03-28 21:25:30.016[0;39m [33m[restartedMain][0;39m [34mINFO [0;39m [32mcom.geo.dsp.GeoDspApplication[0;39m - Started GeoDspApplication in 2.511 seconds (process running for 2.972)
[31m2026-03-28 21:28:38.525[0;39m [33m[SpringApplicationShutdownHook][0;39m [34mINFO [0;39m [32mo.s.boot.web.embedded.tomcat.GracefulShutdown[0;39m - Commencing graceful shutdown. Waiting for active requests to complete
[31m2026-03-28 21:28:38.797[0;39m [33m[tomcat-shutdown][0;39m [34mINFO [0;39m [32mo.s.boot.web.embedded.tomcat.GracefulShutdown[0;39m - Graceful shutdown complete
[31m2026-03-28 21:28:49.873[0;39m [33m[background-preinit][0;39m [34mINFO [0;39m [32morg.hibernate.validator.internal.util.Version[0;39m - HV000001: Hibernate Validator 8.0.1.Final
[31m2026-03-28 21:28:49.902[0;39m [33m[restartedMain][0;39m [34mINFO [0;39m [32mcom.geo.dsp.GeoDspApplication[0;39m - Starting GeoDspApplication using Java 17.0.17 with PID 5852 (D:\ZhiNengWuTan\GeoDsp(2)\GeoDsp(1)\GeoDsp\target\classes started by zhiluo in D:\ZhiNengWuTan\GeoDsp(2)\GeoDsp(1))
[31m2026-03-28 21:28:49.904[0;39m [33m[restartedMain][0;39m [34mINFO [0;39m [32mcom.geo.dsp.GeoDspApplication[0;39m - No active profile set, falling back to 1 default profile: "default"
[31m2026-03-28 21:28:49.930[0;39m [33m[restartedMain][0;39m [34mINFO [0;39m [32mo.s.b.d.env.DevToolsPropertyDefaultsPostProcessor[0;39m - Devtools property defaults active! Set 'spring.devtools.add-properties' to 'false' to disable
[31m2026-03-28 21:28:49.930[0;39m [33m[restartedMain][0;39m [34mINFO [0;39m [32mo.s.b.d.env.DevToolsPropertyDefaultsPostProcessor[0;39m - For additional web related logging consider setting the 'logging.level.web' property to 'DEBUG'
[31m2026-03-28 21:28:50.887[0;39m [33m[restartedMain][0;39m [34mINFO [0;39m [32mo.s.boot.web.embedded.tomcat.TomcatWebServer[0;39m - Tomcat initialized with port 9966 (http)
[31m2026-03-28 21:28:50.889[0;39m [33m[restartedMain][0;39m [34mINFO [0;39m [32morg.apache.catalina.core.AprLifecycleListener[0;39m - Loaded Apache Tomcat Native library [2.0.14] using APR version [1.7.6].
[31m2026-03-28 21:28:50.890[0;39m [33m[restartedMain][0;39m [34mINFO [0;39m [32morg.apache.catalina.core.AprLifecycleListener[0;39m - OpenSSL successfully initialized [OpenSSL 3.5.5 27 Jan 2026]
[31m2026-03-28 21:28:50.898[0;39m [33m[restartedMain][0;39m [34mINFO [0;39m [32morg.apache.coyote.http11.Http11NioProtocol[0;39m - Initializing ProtocolHandler ["http-nio-9966"]
[31m2026-03-28 21:28:50.900[0;39m [33m[restartedMain][0;39m [34mINFO [0;39m [32morg.apache.catalina.core.StandardService[0;39m - Starting service [Tomcat]
[31m2026-03-28 21:28:50.900[0;39m [33m[restartedMain][0;39m [34mINFO [0;39m [32morg.apache.catalina.core.StandardEngine[0;39m - Starting Servlet engine: [Apache Tomcat/10.1.33]
[31m2026-03-28 21:28:50.947[0;39m [33m[restartedMain][0;39m [34mINFO [0;39m [32mo.a.c.c.ContainerBase.[Tomcat].[localhost].[/geo][0;39m - Initializing Spring embedded WebApplicationContext
[31m2026-03-28 21:28:50.947[0;39m [33m[restartedMain][0;39m [34mINFO [0;39m [32mo.s.b.w.s.c.ServletWebServerApplicationContext[0;39m - Root WebApplicationContext: initialization completed in 1015 ms
[31m2026-03-28 21:28:52.029[0;39m [33m[restartedMain][0;39m [34mINFO [0;39m [32mo.s.b.d.autoconfigure.OptionalLiveReloadServer[0;39m - LiveReload server is running on port 35729
[31m2026-03-28 21:28:52.076[0;39m [33m[restartedMain][0;39m [34mINFO [0;39m [32morg.apache.coyote.http11.Http11NioProtocol[0;39m - Starting ProtocolHandler ["http-nio-9966"]
[31m2026-03-28 21:28:52.088[0;39m [33m[restartedMain][0;39m [34mINFO [0;39m [32mo.s.boot.web.embedded.tomcat.TomcatWebServer[0;39m - Tomcat started on port 9966 (http) with context path '/geo'
[31m2026-03-28 21:28:52.102[0;39m [33m[restartedMain][0;39m [34mINFO [0;39m [32mcom.geo.dsp.GeoDspApplication[0;39m - Started GeoDspApplication in 2.495 seconds (process running for 2.945)
[31m2026-03-28 21:44:53.241[0;39m [33m[SpringApplicationShutdownHook][0;39m [34mINFO [0;39m [32mo.s.boot.web.embedded.tomcat.GracefulShutdown[0;39m - Commencing graceful shutdown. Waiting for active requests to complete
[31m2026-03-28 21:44:53.516[0;39m [33m[tomcat-shutdown][0;39m [34mINFO [0;39m [32mo.s.boot.web.embedded.tomcat.GracefulShutdown[0;39m - Graceful shutdown complete
[31m2026-03-28 21:44:58.536[0;39m [33m[background-preinit][0;39m [34mINFO [0;39m [32morg.hibernate.validator.internal.util.Version[0;39m - HV000001: Hibernate Validator 8.0.1.Final
[31m2026-03-28 21:44:58.564[0;39m [33m[restartedMain][0;39m [34mINFO [0;39m [32mcom.geo.dsp.GeoDspApplication[0;39m - Starting GeoDspApplication using Java 17.0.17 with PID 34148 (D:\ZhiNengWuTan\GeoDsp(2)\GeoDsp(1)\GeoDsp\target\classes started by zhiluo in D:\ZhiNengWuTan\GeoDsp(2)\GeoDsp(1))
[31m2026-03-28 21:44:58.565[0;39m [33m[restartedMain][0;39m [34mINFO [0;39m [32mcom.geo.dsp.GeoDspApplication[0;39m - No active profile set, falling back to 1 default profile: "default"
[31m2026-03-28 21:44:58.593[0;39m [33m[restartedMain][0;39m [34mINFO [0;39m [32mo.s.b.d.env.DevToolsPropertyDefaultsPostProcessor[0;39m - Devtools property defaults active! Set 'spring.devtools.add-properties' to 'false' to disable
[31m2026-03-28 21:44:58.593[0;39m [33m[restartedMain][0;39m [34mINFO [0;39m [32mo.s.b.d.env.DevToolsPropertyDefaultsPostProcessor[0;39m - For additional web related logging consider setting the 'logging.level.web' property to 'DEBUG'
[31m2026-03-28 21:44:59.558[0;39m [33m[restartedMain][0;39m [34mINFO [0;39m [32mo.s.boot.web.embedded.tomcat.TomcatWebServer[0;39m - Tomcat initialized with port 9966 (http)
[31m2026-03-28 21:44:59.561[0;39m [33m[restartedMain][0;39m [34mINFO [0;39m [32morg.apache.catalina.core.AprLifecycleListener[0;39m - Loaded Apache Tomcat Native library [2.0.14] using APR version [1.7.6].
[31m2026-03-28 21:44:59.563[0;39m [33m[restartedMain][0;39m [34mINFO [0;39m [32morg.apache.catalina.core.AprLifecycleListener[0;39m - OpenSSL successfully initialized [OpenSSL 3.5.5 27 Jan 2026]
[31m2026-03-28 21:44:59.569[0;39m [33m[restartedMain][0;39m [34mINFO [0;39m [32morg.apache.coyote.http11.Http11NioProtocol[0;39m - Initializing ProtocolHandler ["http-nio-9966"]
[31m2026-03-28 21:44:59.569[0;39m [33m[restartedMain][0;39m [34mINFO [0;39m [32morg.apache.catalina.core.StandardService[0;39m - Starting service [Tomcat]
[31m2026-03-28 21:44:59.569[0;39m [33m[restartedMain][0;39m [34mINFO [0;39m [32morg.apache.catalina.core.StandardEngine[0;39m - Starting Servlet engine: [Apache Tomcat/10.1.33]
[31m2026-03-28 21:44:59.614[0;39m [33m[restartedMain][0;39m [34mINFO [0;39m [32mo.a.c.c.ContainerBase.[Tomcat].[localhost].[/geo][0;39m - Initializing Spring embedded WebApplicationContext
[31m2026-03-28 21:44:59.614[0;39m [33m[restartedMain][0;39m [34mINFO [0;39m [32mo.s.b.w.s.c.ServletWebServerApplicationContext[0;39m - Root WebApplicationContext: initialization completed in 1021 ms
[31m2026-03-28 21:45:00.654[0;39m [33m[restartedMain][0;39m [34mINFO [0;39m [32mo.s.b.d.autoconfigure.OptionalLiveReloadServer[0;39m - LiveReload server is running on port 35729
[31m2026-03-28 21:45:00.700[0;39m [33m[restartedMain][0;39m [34mINFO [0;39m [32morg.apache.coyote.http11.Http11NioProtocol[0;39m - Starting ProtocolHandler ["http-nio-9966"]
[31m2026-03-28 21:45:00.711[0;39m [33m[restartedMain][0;39m [34mINFO [0;39m [32mo.s.boot.web.embedded.tomcat.TomcatWebServer[0;39m - Tomcat started on port 9966 (http) with context path '/geo'
[31m2026-03-28 21:45:00.728[0;39m [33m[restartedMain][0;39m [34mINFO [0;39m [32mcom.geo.dsp.GeoDspApplication[0;39m - Started GeoDspApplication in 2.463 seconds (process running for 2.93)
[31m2026-03-28 21:46:06.902[0;39m [33m[SpringApplicationShutdownHook][0;39m [34mINFO [0;39m [32mo.s.boot.web.embedded.tomcat.GracefulShutdown[0;39m - Commencing graceful shutdown. Waiting for active requests to complete
[31m2026-03-28 21:46:07.179[0;39m [33m[tomcat-shutdown][0;39m [34mINFO [0;39m [32mo.s.boot.web.embedded.tomcat.GracefulShutdown[0;39m - Graceful shutdown complete
[31m2026-03-28 21:46:10.321[0;39m [33m[background-preinit][0;39m [34mINFO [0;39m [32morg.hibernate.validator.internal.util.Version[0;39m - HV000001: Hibernate Validator 8.0.1.Final
[31m2026-03-28 21:46:10.351[0;39m [33m[restartedMain][0;39m [34mINFO [0;39m [32mcom.geo.dsp.GeoDspApplication[0;39m - Starting GeoDspApplication using Java 17.0.17 with PID 61672 (D:\ZhiNengWuTan\GeoDsp(2)\GeoDsp(1)\GeoDsp\target\classes started by zhiluo in D:\ZhiNengWuTan\GeoDsp(2)\GeoDsp(1))
[31m2026-03-28 21:46:10.351[0;39m [33m[restartedMain][0;39m [34mINFO [0;39m [32mcom.geo.dsp.GeoDspApplication[0;39m - No active profile set, falling back to 1 default profile: "default"
[31m2026-03-28 21:46:10.385[0;39m [33m[restartedMain][0;39m [34mINFO [0;39m [32mo.s.b.d.env.DevToolsPropertyDefaultsPostProcessor[0;39m - Devtools property defaults active! Set 'spring.devtools.add-properties' to 'false' to disable
[31m2026-03-28 21:46:10.385[0;39m [33m[restartedMain][0;39m [34mINFO [0;39m [32mo.s.b.d.env.DevToolsPropertyDefaultsPostProcessor[0;39m - For additional web related logging consider setting the 'logging.level.web' property to 'DEBUG'
[31m2026-03-28 21:46:11.409[0;39m [33m[restartedMain][0;39m [34mINFO [0;39m [32mo.s.boot.web.embedded.tomcat.TomcatWebServer[0;39m - Tomcat initialized with port 9966 (http)
[31m2026-03-28 21:46:11.412[0;39m [33m[restartedMain][0;39m [34mINFO [0;39m [32morg.apache.catalina.core.AprLifecycleListener[0;39m - Loaded Apache Tomcat Native library [2.0.14] using APR version [1.7.6].
[31m2026-03-28 21:46:11.415[0;39m [33m[restartedMain][0;39m [34mINFO [0;39m [32morg.apache.catalina.core.AprLifecycleListener[0;39m - OpenSSL successfully initialized [OpenSSL 3.5.5 27 Jan 2026]
[31m2026-03-28 21:46:11.426[0;39m [33m[restartedMain][0;39m [34mINFO [0;39m [32morg.apache.coyote.http11.Http11NioProtocol[0;39m - Initializing ProtocolHandler ["http-nio-9966"]
[31m2026-03-28 21:46:11.428[0;39m [33m[restartedMain][0;39m [34mINFO [0;39m [32morg.apache.catalina.core.StandardService[0;39m - Starting service [Tomcat]
[31m2026-03-28 21:46:11.428[0;39m [33m[restartedMain][0;39m [34mINFO [0;39m [32morg.apache.catalina.core.StandardEngine[0;39m - Starting Servlet engine: [Apache Tomcat/10.1.33]
[31m2026-03-28 21:46:11.505[0;39m [33m[restartedMain][0;39m [34mINFO [0;39m [32mo.a.c.c.ContainerBase.[Tomcat].[localhost].[/geo][0;39m - Initializing Spring embedded WebApplicationContext
[31m2026-03-28 21:46:11.506[0;39m [33m[restartedMain][0;39m [34mINFO [0;39m [32mo.s.b.w.s.c.ServletWebServerApplicationContext[0;39m - Root WebApplicationContext: initialization completed in 1120 ms
[31m2026-03-28 21:46:12.667[0;39m [33m[restartedMain][0;39m [34mINFO [0;39m [32mo.s.b.d.autoconfigure.OptionalLiveReloadServer[0;39m - LiveReload server is running on port 35729
[31m2026-03-28 21:46:12.711[0;39m [33m[restartedMain][0;39m [34mINFO [0;39m [32morg.apache.coyote.http11.Http11NioProtocol[0;39m - Starting ProtocolHandler ["http-nio-9966"]
[31m2026-03-28 21:46:12.722[0;39m [33m[restartedMain][0;39m [34mINFO [0;39m [32mo.s.boot.web.embedded.tomcat.TomcatWebServer[0;39m - Tomcat started on port 9966 (http) with context path '/geo'
[31m2026-03-28 21:46:12.738[0;39m [33m[restartedMain][0;39m [34mINFO [0;39m [32mcom.geo.dsp.GeoDspApplication[0;39m - Started GeoDspApplication in 2.675 seconds (process running for 3.142)
[31m2026-03-28 21:46:56.402[0;39m [33m[SpringApplicationShutdownHook][0;39m [34mINFO [0;39m [32mo.s.boot.web.embedded.tomcat.GracefulShutdown[0;39m - Commencing graceful shutdown. Waiting for active requests to complete
[31m2026-03-28 21:46:56.655[0;39m [33m[tomcat-shutdown][0;39m [34mINFO [0;39m [32mo.s.boot.web.embedded.tomcat.GracefulShutdown[0;39m - Graceful shutdown complete
[31m2026-03-28 21:47:01.931[0;39m [33m[background-preinit][0;39m [34mINFO [0;39m [32morg.hibernate.validator.internal.util.Version[0;39m - HV000001: Hibernate Validator 8.0.1.Final
[31m2026-03-28 21:47:01.957[0;39m [33m[restartedMain][0;39m [34mINFO [0;39m [32mcom.geo.dsp.GeoDspApplication[0;39m - Starting GeoDspApplication using Java 17.0.17 with PID 59920 (D:\ZhiNengWuTan\GeoDsp(2)\GeoDsp(1)\GeoDsp\target\classes started by zhiluo in D:\ZhiNengWuTan\GeoDsp(2)\GeoDsp(1))
[31m2026-03-28 21:47:01.957[0;39m [33m[restartedMain][0;39m [34mINFO [0;39m [32mcom.geo.dsp.GeoDspApplication[0;39m - No active profile set, falling back to 1 default profile: "default"
[31m2026-03-28 21:47:01.983[0;39m [33m[restartedMain][0;39m [34mINFO [0;39m [32mo.s.b.d.env.DevToolsPropertyDefaultsPostProcessor[0;39m - Devtools property defaults active! Set 'spring.devtools.add-properties' to 'false' to disable
[31m2026-03-28 21:47:01.983[0;39m [33m[restartedMain][0;39m [34mINFO [0;39m [32mo.s.b.d.env.DevToolsPropertyDefaultsPostProcessor[0;39m - For additional web related logging consider setting the 'logging.level.web' property to 'DEBUG'
[31m2026-03-28 21:47:02.887[0;39m [33m[restartedMain][0;39m [34mINFO [0;39m [32mo.s.boot.web.embedded.tomcat.TomcatWebServer[0;39m - Tomcat initialized with port 9966 (http)
[31m2026-03-28 21:47:02.889[0;39m [33m[restartedMain][0;39m [34mINFO [0;39m [32morg.apache.catalina.core.AprLifecycleListener[0;39m - Loaded Apache Tomcat Native library [2.0.14] using APR version [1.7.6].
[31m2026-03-28 21:47:02.891[0;39m [33m[restartedMain][0;39m [34mINFO [0;39m [32morg.apache.catalina.core.AprLifecycleListener[0;39m - OpenSSL successfully initialized [OpenSSL 3.5.5 27 Jan 2026]
[31m2026-03-28 21:47:02.897[0;39m [33m[restartedMain][0;39m [34mINFO [0;39m [32morg.apache.coyote.http11.Http11NioProtocol[0;39m - Initializing ProtocolHandler ["http-nio-9966"]
[31m2026-03-28 21:47:02.899[0;39m [33m[restartedMain][0;39m [34mINFO [0;39m [32morg.apache.catalina.core.StandardService[0;39m - Starting service [Tomcat]
[31m2026-03-28 21:47:02.899[0;39m [33m[restartedMain][0;39m [34mINFO [0;39m [32morg.apache.catalina.core.StandardEngine[0;39m - Starting Servlet engine: [Apache Tomcat/10.1.33]
[31m2026-03-28 21:47:02.944[0;39m [33m[restartedMain][0;39m [34mINFO [0;39m [32mo.a.c.c.ContainerBase.[Tomcat].[localhost].[/geo][0;39m - Initializing Spring embedded WebApplicationContext
[31m2026-03-28 21:47:02.945[0;39m [33m[restartedMain][0;39m [34mINFO [0;39m [32mo.s.b.w.s.c.ServletWebServerApplicationContext[0;39m - Root WebApplicationContext: initialization completed in 962 ms
[31m2026-03-28 21:47:03.960[0;39m [33m[restartedMain][0;39m [34mINFO [0;39m [32mo.s.b.d.autoconfigure.OptionalLiveReloadServer[0;39m - LiveReload server is running on port 35729
[31m2026-03-28 21:47:04.006[0;39m [33m[restartedMain][0;39m [34mINFO [0;39m [32morg.apache.coyote.http11.Http11NioProtocol[0;39m - Starting ProtocolHandler ["http-nio-9966"]
[31m2026-03-28 21:47:04.018[0;39m [33m[restartedMain][0;39m [34mINFO [0;39m [32mo.s.boot.web.embedded.tomcat.TomcatWebServer[0;39m - Tomcat started on port 9966 (http) with context path '/geo'
[31m2026-03-28 21:47:04.033[0;39m [33m[restartedMain][0;39m [34mINFO [0;39m [32mcom.geo.dsp.GeoDspApplication[0;39m - Started GeoDspApplication in 2.345 seconds (process running for 2.804)
[31m2026-03-28 22:00:45.708[0;39m [33m[SpringApplicationShutdownHook][0;39m [34mINFO [0;39m [32mo.s.boot.web.embedded.tomcat.GracefulShutdown[0;39m - Commencing graceful shutdown. Waiting for active requests to complete
[31m2026-03-28 22:00:45.993[0;39m [33m[tomcat-shutdown][0;39m [34mINFO [0;39m [32mo.s.boot.web.embedded.tomcat.GracefulShutdown[0;39m - Graceful shutdown complete
[31m2026-03-28 22:00:47.895[0;39m [33m[background-preinit][0;39m [34mINFO [0;39m [32morg.hibernate.validator.internal.util.Version[0;39m - HV000001: Hibernate Validator 8.0.1.Final
[31m2026-03-28 22:00:47.927[0;39m [33m[restartedMain][0;39m [34mINFO [0;39m [32mcom.geo.dsp.GeoDspApplication[0;39m - Starting GeoDspApplication using Java 17.0.17 with PID 52780 (D:\ZhiNengWuTan\GeoDsp(2)\GeoDsp(1)\GeoDsp\target\classes started by zhiluo in D:\ZhiNengWuTan\GeoDsp(2)\GeoDsp(1))
[31m2026-03-28 22:00:47.927[0;39m [33m[restartedMain][0;39m [34mINFO [0;39m [32mcom.geo.dsp.GeoDspApplication[0;39m - No active profile set, falling back to 1 default profile: "default"
[31m2026-03-28 22:00:47.956[0;39m [33m[restartedMain][0;39m [34mINFO [0;39m [32mo.s.b.d.env.DevToolsPropertyDefaultsPostProcessor[0;39m - Devtools property defaults active! Set 'spring.devtools.add-properties' to 'false' to disable
[31m2026-03-28 22:00:47.956[0;39m [33m[restartedMain][0;39m [34mINFO [0;39m [32mo.s.b.d.env.DevToolsPropertyDefaultsPostProcessor[0;39m - For additional web related logging consider setting the 'logging.level.web' property to 'DEBUG'
[31m2026-03-28 22:00:48.862[0;39m [33m[restartedMain][0;39m [34mINFO [0;39m [32mo.s.boot.web.embedded.tomcat.TomcatWebServer[0;39m - Tomcat initialized with port 9966 (http)
[31m2026-03-28 22:00:48.863[0;39m [33m[restartedMain][0;39m [34mINFO [0;39m [32morg.apache.catalina.core.AprLifecycleListener[0;39m - Loaded Apache Tomcat Native library [2.0.14] using APR version [1.7.6].
[31m2026-03-28 22:00:48.865[0;39m [33m[restartedMain][0;39m [34mINFO [0;39m [32morg.apache.catalina.core.AprLifecycleListener[0;39m - OpenSSL successfully initialized [OpenSSL 3.5.5 27 Jan 2026]
[31m2026-03-28 22:00:48.871[0;39m [33m[restartedMain][0;39m [34mINFO [0;39m [32morg.apache.coyote.http11.Http11NioProtocol[0;39m - Initializing ProtocolHandler ["http-nio-9966"]
[31m2026-03-28 22:00:48.872[0;39m [33m[restartedMain][0;39m [34mINFO [0;39m [32morg.apache.catalina.core.StandardService[0;39m - Starting service [Tomcat]
[31m2026-03-28 22:00:48.872[0;39m [33m[restartedMain][0;39m [34mINFO [0;39m [32morg.apache.catalina.core.StandardEngine[0;39m - Starting Servlet engine: [Apache Tomcat/10.1.33]
[31m2026-03-28 22:00:48.916[0;39m [33m[restartedMain][0;39m [34mINFO [0;39m [32mo.a.c.c.ContainerBase.[Tomcat].[localhost].[/geo][0;39m - Initializing Spring embedded WebApplicationContext
[31m2026-03-28 22:00:48.916[0;39m [33m[restartedMain][0;39m [34mINFO [0;39m [32mo.s.b.w.s.c.ServletWebServerApplicationContext[0;39m - Root WebApplicationContext: initialization completed in 960 ms
[31m2026-03-28 22:00:49.991[0;39m [33m[restartedMain][0;39m [34mINFO [0;39m [32mo.s.b.d.autoconfigure.OptionalLiveReloadServer[0;39m - LiveReload server is running on port 35729
[31m2026-03-28 22:00:50.041[0;39m [33m[restartedMain][0;39m [34mINFO [0;39m [32morg.apache.coyote.http11.Http11NioProtocol[0;39m - Starting ProtocolHandler ["http-nio-9966"]
[31m2026-03-28 22:00:50.054[0;39m [33m[restartedMain][0;39m [34mINFO [0;39m [32mo.s.boot.web.embedded.tomcat.TomcatWebServer[0;39m - Tomcat started on port 9966 (http) with context path '/geo'
[31m2026-03-28 22:00:50.070[0;39m [33m[restartedMain][0;39m [34mINFO [0;39m [32mcom.geo.dsp.GeoDspApplication[0;39m - Started GeoDspApplication in 2.435 seconds (process running for 2.926)
[31m2026-03-28 22:02:14.978[0;39m [33m[http-nio-9966-exec-1][0;39m [34mINFO [0;39m [32mo.a.c.c.ContainerBase.[Tomcat].[localhost].[/geo][0;39m - Initializing Spring DispatcherServlet 'dispatcherServlet'
[31m2026-03-28 22:02:14.980[0;39m [33m[http-nio-9966-exec-1][0;39m [34mINFO [0;39m [32morg.springframework.web.servlet.DispatcherServlet[0;39m - Initializing Servlet 'dispatcherServlet'
[31m2026-03-28 22:02:14.985[0;39m [33m[http-nio-9966-exec-1][0;39m [34mINFO [0;39m [32morg.springframework.web.servlet.DispatcherServlet[0;39m - Completed initialization in 5 ms
[31m2026-03-28 22:02:15.159[0;39m [33m[http-nio-9966-exec-1][0;39m [34mINFO [0;39m [32mcom.zaxxer.hikari.HikariDataSource[0;39m - HikariPool-1 - Starting...
[31m2026-03-28 22:02:15.446[0;39m [33m[http-nio-9966-exec-1][0;39m [34mINFO [0;39m [32mcom.zaxxer.hikari.pool.HikariPool[0;39m - HikariPool-1 - Added connection org.postgresql.jdbc.PgConnection@1fad80ab
[31m2026-03-28 22:02:15.450[0;39m [33m[http-nio-9966-exec-1][0;39m [34mINFO [0;39m [32mcom.zaxxer.hikari.HikariDataSource[0;39m - HikariPool-1 - Start completed.
[31m2026-03-28 22:09:52.460[0;39m [33m[SpringApplicationShutdownHook][0;39m [34mINFO [0;39m [32mo.s.boot.web.embedded.tomcat.GracefulShutdown[0;39m - Commencing graceful shutdown. Waiting for active requests to complete
[31m2026-03-28 22:09:52.719[0;39m [33m[tomcat-shutdown][0;39m [34mINFO [0;39m [32mo.s.boot.web.embedded.tomcat.GracefulShutdown[0;39m - Graceful shutdown complete
[31m2026-03-28 22:09:52.739[0;39m [33m[SpringApplicationShutdownHook][0;39m [34mINFO [0;39m [32mcom.zaxxer.hikari.HikariDataSource[0;39m - HikariPool-1 - Shutdown initiated...
[31m2026-03-28 22:09:52.744[0;39m [33m[SpringApplicationShutdownHook][0;39m [34mINFO [0;39m [32mcom.zaxxer.hikari.HikariDataSource[0;39m - HikariPool-1 - Shutdown completed.
