[31m2026-05-31 20:28:27.656[0;39m [33m[background-preinit][0;39m [34mINFO [0;39m [32morg.hibernate.validator.internal.util.Version[0;39m - HV000001: Hibernate Validator 8.0.1.Final
[31m2026-05-31 20:28:27.682[0;39m [33m[restartedMain][0;39m [34mINFO [0;39m [32mcom.geo.dsp.GeoDspApplication[0;39m - Starting GeoDspApplication using Java 17.0.18 with PID 62088 (C:\Users\22317\Desktop\bbb\geodspp\GeoDsp(1)\GeoDsp\target\classes started by 22317 in C:\Users\22317\Desktop\bbb\geodspp\GeoDsp(1)\GeoDsp)
[31m2026-05-31 20:28:27.683[0;39m [33m[restartedMain][0;39m [34mINFO [0;39m [32mcom.geo.dsp.GeoDspApplication[0;39m - No active profile set, falling back to 1 default profile: "default"
[31m2026-05-31 20:28:27.714[0;39m [33m[restartedMain][0;39m [34mINFO [0;39m [32mo.s.boot.devtools.restart.ChangeableUrls[0;39m - The Class-Path manifest attribute in E:\develop\apache-maven-3.9.11-bin\apache-maven-3.9.11\mvn_repo2\com\sun\xml\bind\jaxb-core\4.0.5\jaxb-core-4.0.5.jar referenced one or more files that do not exist: file:/E:/develop/apache-maven-3.9.11-bin/apache-maven-3.9.11/mvn_repo2/com/sun/xml/bind/jaxb-core/4.0.5/jakarta.activation-api.jar,file:/E:/develop/apache-maven-3.9.11-bin/apache-maven-3.9.11/mvn_repo2/com/sun/xml/bind/jaxb-core/4.0.5/jakarta.xml.bind-api.jar
[31m2026-05-31 20:28:27.714[0;39m [33m[restartedMain][0;39m [34mINFO [0;39m [32mo.s.boot.devtools.restart.ChangeableUrls[0;39m - The Class-Path manifest attribute in E:\develop\apache-maven-3.9.11-bin\apache-maven-3.9.11\mvn_repo2\com\sun\xml\bind\jaxb-impl\4.0.5\jaxb-impl-4.0.5.jar referenced one or more files that do not exist: file:/E:/develop/apache-maven-3.9.11-bin/apache-maven-3.9.11/mvn_repo2/com/sun/xml/bind/jaxb-impl/4.0.5/jaxb-core.jar,file:/E:/develop/apache-maven-3.9.11-bin/apache-maven-3.9.11/mvn_repo2/com/sun/xml/bind/jaxb-impl/4.0.5/angus-activation.jar
[31m2026-05-31 20:28:27.715[0;39m [33m[restartedMain][0;39m [34mINFO [0;39m [32mo.s.b.d.env.DevToolsPropertyDefaultsPostProcessor[0;39m - Devtools property defaults active! Set 'spring.devtools.add-properties' to 'false' to disable
[31m2026-05-31 20:28:27.715[0;39m [33m[restartedMain][0;39m [34mINFO [0;39m [32mo.s.b.d.env.DevToolsPropertyDefaultsPostProcessor[0;39m - For additional web related logging consider setting the 'logging.level.web' property to 'DEBUG'
[31m2026-05-31 20:28:28.780[0;39m [33m[restartedMain][0;39m [34mINFO [0;39m [32mo.s.boot.web.embedded.tomcat.TomcatWebServer[0;39m - Tomcat initialized with port 9966 (http)
[31m2026-05-31 20:28:28.789[0;39m [33m[restartedMain][0;39m [34mINFO [0;39m [32morg.apache.coyote.http11.Http11NioProtocol[0;39m - Initializing ProtocolHandler ["http-nio-9966"]
[31m2026-05-31 20:28:28.790[0;39m [33m[restartedMain][0;39m [34mINFO [0;39m [32morg.apache.catalina.core.StandardService[0;39m - Starting service [Tomcat]
[31m2026-05-31 20:28:28.790[0;39m [33m[restartedMain][0;39m [34mINFO [0;39m [32morg.apache.catalina.core.StandardEngine[0;39m - Starting Servlet engine: [Apache Tomcat/10.1.33]
[31m2026-05-31 20:28:28.822[0;39m [33m[restartedMain][0;39m [34mINFO [0;39m [32mo.a.c.c.ContainerBase.[Tomcat].[localhost].[/geo][0;39m - Initializing Spring embedded WebApplicationContext
[31m2026-05-31 20:28:28.822[0;39m [33m[restartedMain][0;39m [34mINFO [0;39m [32mo.s.b.w.s.c.ServletWebServerApplicationContext[0;39m - Root WebApplicationContext: initialization completed in 1107 ms
[31m2026-05-31 20:28:29.952[0;39m [33m[restartedMain][0;39m [34mINFO [0;39m [32mo.s.b.d.autoconfigure.OptionalLiveReloadServer[0;39m - LiveReload server is running on port 35729
[31m2026-05-31 20:28:29.972[0;39m [33m[restartedMain][0;39m [34mINFO [0;39m [32morg.apache.coyote.http11.Http11NioProtocol[0;39m - Starting ProtocolHandler ["http-nio-9966"]
[31m2026-05-31 20:28:29.984[0;39m [33m[restartedMain][0;39m [34mINFO [0;39m [32mo.s.boot.web.embedded.tomcat.TomcatWebServer[0;39m - Tomcat started on port 9966 (http) with context path '/geo'
[31m2026-05-31 20:28:29.998[0;39m [33m[restartedMain][0;39m [34mINFO [0;39m [32mcom.geo.dsp.GeoDspApplication[0;39m - Started GeoDspApplication in 2.601 seconds (process running for 2.868)
[31m2026-05-31 20:28:49.179[0;39m [33m[http-nio-9966-exec-1][0;39m [34mINFO [0;39m [32mo.a.c.c.ContainerBase.[Tomcat].[localhost].[/geo][0;39m - Initializing Spring DispatcherServlet 'dispatcherServlet'
[31m2026-05-31 20:28:49.179[0;39m [33m[http-nio-9966-exec-1][0;39m [34mINFO [0;39m [32morg.springframework.web.servlet.DispatcherServlet[0;39m - Initializing Servlet 'dispatcherServlet'
[31m2026-05-31 20:28:49.180[0;39m [33m[http-nio-9966-exec-1][0;39m [34mINFO [0;39m [32morg.springframework.web.servlet.DispatcherServlet[0;39m - Completed initialization in 1 ms
[31m2026-05-31 20:28:49.227[0;39m [33m[http-nio-9966-exec-1][0;39m [34mINFO [0;39m [32mcom.zaxxer.hikari.HikariDataSource[0;39m - HikariPool-1 - Starting...
[31m2026-05-31 20:28:49.339[0;39m [33m[http-nio-9966-exec-1][0;39m [34mINFO [0;39m [32mcom.zaxxer.hikari.pool.HikariPool[0;39m - HikariPool-1 - Added connection org.postgresql.jdbc.PgConnection@25d22f37
[31m2026-05-31 20:28:49.340[0;39m [33m[http-nio-9966-exec-1][0;39m [34mINFO [0;39m [32mcom.zaxxer.hikari.HikariDataSource[0;39m - HikariPool-1 - Start completed.
[31m2026-05-31 20:33:51.964[0;39m [33m[File Watcher][0;39m [34mINFO [0;39m [32mo.s.b.d.a.LocalDevToolsAutoConfiguration$RestartingClassPathChangeChangedEventListener[0;39m - Restarting due to 1 class path change (0 additions, 0 deletions, 1 modification)
[31m2026-05-31 20:33:51.970[0;39m [33m[Thread-5][0;39m [34mINFO [0;39m [32mo.s.boot.web.embedded.tomcat.GracefulShutdown[0;39m - Commencing graceful shutdown. Waiting for active requests to complete
[31m2026-05-31 20:33:51.972[0;39m [33m[tomcat-shutdown][0;39m [34mINFO [0;39m [32morg.apache.coyote.http11.Http11NioProtocol[0;39m - Pausing ProtocolHandler ["http-nio-9966"]
[31m2026-05-31 20:33:52.592[0;39m [33m[tomcat-shutdown][0;39m [34mINFO [0;39m [32mo.s.boot.web.embedded.tomcat.GracefulShutdown[0;39m - Graceful shutdown complete
[31m2026-05-31 20:33:52.593[0;39m [33m[Thread-5][0;39m [34mINFO [0;39m [32morg.apache.coyote.http11.Http11NioProtocol[0;39m - Stopping ProtocolHandler ["http-nio-9966"]
[31m2026-05-31 20:33:52.665[0;39m [33m[Thread-5][0;39m [34mINFO [0;39m [32mcom.zaxxer.hikari.HikariDataSource[0;39m - HikariPool-1 - Shutdown initiated...
[31m2026-05-31 20:33:52.669[0;39m [33m[Thread-5][0;39m [34mINFO [0;39m [32mcom.zaxxer.hikari.HikariDataSource[0;39m - HikariPool-1 - Shutdown completed.
[31m2026-05-31 20:33:52.767[0;39m [33m[restartedMain][0;39m [34mINFO [0;39m [32mcom.geo.dsp.GeoDspApplication[0;39m - Starting GeoDspApplication using Java 17.0.18 with PID 62088 (C:\Users\22317\Desktop\bbb\geodspp\GeoDsp(1)\GeoDsp\target\classes started by 22317 in C:\Users\22317\Desktop\bbb\geodspp\GeoDsp(1)\GeoDsp)
[31m2026-05-31 20:33:52.768[0;39m [33m[restartedMain][0;39m [34mINFO [0;39m [32mcom.geo.dsp.GeoDspApplication[0;39m - No active profile set, falling back to 1 default profile: "default"
[31m2026-05-31 20:33:53.327[0;39m [33m[restartedMain][0;39m [34mINFO [0;39m [32mo.s.boot.web.embedded.tomcat.TomcatWebServer[0;39m - Tomcat initialized with port 9966 (http)
[31m2026-05-31 20:33:53.328[0;39m [33m[restartedMain][0;39m [34mINFO [0;39m [32morg.apache.coyote.http11.Http11NioProtocol[0;39m - Initializing ProtocolHandler ["http-nio-9966"]
[31m2026-05-31 20:33:53.328[0;39m [33m[restartedMain][0;39m [34mINFO [0;39m [32morg.apache.catalina.core.StandardService[0;39m - Starting service [Tomcat]
[31m2026-05-31 20:33:53.328[0;39m [33m[restartedMain][0;39m [34mINFO [0;39m [32morg.apache.catalina.core.StandardEngine[0;39m - Starting Servlet engine: [Apache Tomcat/10.1.33]
[31m2026-05-31 20:33:53.359[0;39m [33m[restartedMain][0;39m [34mINFO [0;39m [32mo.a.c.c.ContainerBase.[Tomcat].[localhost].[/geo][0;39m - Initializing Spring embedded WebApplicationContext
[31m2026-05-31 20:33:53.359[0;39m [33m[restartedMain][0;39m [34mINFO [0;39m [32mo.s.b.w.s.c.ServletWebServerApplicationContext[0;39m - Root WebApplicationContext: initialization completed in 588 ms
[31m2026-05-31 20:33:53.998[0;39m [33m[restartedMain][0;39m [34mINFO [0;39m [32mo.s.b.d.autoconfigure.OptionalLiveReloadServer[0;39m - LiveReload server is running on port 35729
[31m2026-05-31 20:33:54.012[0;39m [33m[restartedMain][0;39m [34mINFO [0;39m [32morg.apache.coyote.http11.Http11NioProtocol[0;39m - Starting ProtocolHandler ["http-nio-9966"]
[31m2026-05-31 20:33:54.015[0;39m [33m[restartedMain][0;39m [34mINFO [0;39m [32mo.s.boot.web.embedded.tomcat.TomcatWebServer[0;39m - Tomcat started on port 9966 (http) with context path '/geo'
[31m2026-05-31 20:33:54.023[0;39m [33m[restartedMain][0;39m [34mINFO [0;39m [32mcom.geo.dsp.GeoDspApplication[0;39m - Started GeoDspApplication in 1.299 seconds (process running for 326.892)
[31m2026-05-31 20:33:54.024[0;39m [33m[restartedMain][0;39m [34mINFO [0;39m [32mo.s.b.d.a.ConditionEvaluationDeltaLoggingListener[0;39m - Condition evaluation unchanged
[31m2026-05-31 20:33:55.500[0;39m [33m[File Watcher][0;39m [34mINFO [0;39m [32mo.s.b.d.a.LocalDevToolsAutoConfiguration$RestartingClassPathChangeChangedEventListener[0;39m - Restarting due to 2 class path changes (0 additions, 0 deletions, 2 modifications)
[31m2026-05-31 20:33:55.502[0;39m [33m[Thread-7][0;39m [34mINFO [0;39m [32mo.s.boot.web.embedded.tomcat.GracefulShutdown[0;39m - Commencing graceful shutdown. Waiting for active requests to complete
[31m2026-05-31 20:33:55.502[0;39m [33m[tomcat-shutdown][0;39m [34mINFO [0;39m [32morg.apache.coyote.http11.Http11NioProtocol[0;39m - Pausing ProtocolHandler ["http-nio-9966"]
[31m2026-05-31 20:33:56.145[0;39m [33m[tomcat-shutdown][0;39m [34mINFO [0;39m [32mo.s.boot.web.embedded.tomcat.GracefulShutdown[0;39m - Graceful shutdown complete
[31m2026-05-31 20:33:56.146[0;39m [33m[Thread-7][0;39m [34mINFO [0;39m [32morg.apache.coyote.http11.Http11NioProtocol[0;39m - Stopping ProtocolHandler ["http-nio-9966"]
[31m2026-05-31 20:33:56.222[0;39m [33m[restartedMain][0;39m [34mINFO [0;39m [32mcom.geo.dsp.GeoDspApplication[0;39m - Starting GeoDspApplication using Java 17.0.18 with PID 62088 (C:\Users\22317\Desktop\bbb\geodspp\GeoDsp(1)\GeoDsp\target\classes started by 22317 in C:\Users\22317\Desktop\bbb\geodspp\GeoDsp(1)\GeoDsp)
[31m2026-05-31 20:33:56.222[0;39m [33m[restartedMain][0;39m [34mINFO [0;39m [32mcom.geo.dsp.GeoDspApplication[0;39m - No active profile set, falling back to 1 default profile: "default"
[31m2026-05-31 20:33:56.618[0;39m [33m[restartedMain][0;39m [34mINFO [0;39m [32mo.s.boot.web.embedded.tomcat.TomcatWebServer[0;39m - Tomcat initialized with port 9966 (http)
[31m2026-05-31 20:33:56.618[0;39m [33m[restartedMain][0;39m [34mINFO [0;39m [32morg.apache.coyote.http11.Http11NioProtocol[0;39m - Initializing ProtocolHandler ["http-nio-9966"]
[31m2026-05-31 20:33:56.618[0;39m [33m[restartedMain][0;39m [34mINFO [0;39m [32morg.apache.catalina.core.StandardService[0;39m - Starting service [Tomcat]
[31m2026-05-31 20:33:56.618[0;39m [33m[restartedMain][0;39m [34mINFO [0;39m [32morg.apache.catalina.core.StandardEngine[0;39m - Starting Servlet engine: [Apache Tomcat/10.1.33]
[31m2026-05-31 20:33:56.638[0;39m [33m[restartedMain][0;39m [34mINFO [0;39m [32mo.a.c.c.ContainerBase.[Tomcat].[localhost].[/geo][0;39m - Initializing Spring embedded WebApplicationContext
[31m2026-05-31 20:33:56.638[0;39m [33m[restartedMain][0;39m [34mINFO [0;39m [32mo.s.b.w.s.c.ServletWebServerApplicationContext[0;39m - Root WebApplicationContext: initialization completed in 414 ms
[31m2026-05-31 20:33:57.102[0;39m [33m[restartedMain][0;39m [34mINFO [0;39m [32mo.s.b.d.autoconfigure.OptionalLiveReloadServer[0;39m - LiveReload server is running on port 35729
[31m2026-05-31 20:33:57.115[0;39m [33m[restartedMain][0;39m [34mINFO [0;39m [32morg.apache.coyote.http11.Http11NioProtocol[0;39m - Starting ProtocolHandler ["http-nio-9966"]
[31m2026-05-31 20:33:57.122[0;39m [33m[restartedMain][0;39m [34mINFO [0;39m [32mo.s.boot.web.embedded.tomcat.TomcatWebServer[0;39m - Tomcat started on port 9966 (http) with context path '/geo'
[31m2026-05-31 20:33:57.129[0;39m [33m[restartedMain][0;39m [34mINFO [0;39m [32mcom.geo.dsp.GeoDspApplication[0;39m - Started GeoDspApplication in 0.938 seconds (process running for 329.999)
[31m2026-05-31 20:33:57.130[0;39m [33m[restartedMain][0;39m [34mINFO [0;39m [32mo.s.b.d.a.ConditionEvaluationDeltaLoggingListener[0;39m - Condition evaluation unchanged
[31m2026-05-31 20:33:57.759[0;39m [33m[http-nio-9966-exec-1][0;39m [34mINFO [0;39m [32mo.a.c.c.ContainerBase.[Tomcat].[localhost].[/geo][0;39m - Initializing Spring DispatcherServlet 'dispatcherServlet'
[31m2026-05-31 20:33:57.759[0;39m [33m[http-nio-9966-exec-1][0;39m [34mINFO [0;39m [32morg.springframework.web.servlet.DispatcherServlet[0;39m - Initializing Servlet 'dispatcherServlet'
[31m2026-05-31 20:33:57.760[0;39m [33m[http-nio-9966-exec-1][0;39m [34mINFO [0;39m [32morg.springframework.web.servlet.DispatcherServlet[0;39m - Completed initialization in 1 ms
[31m2026-05-31 20:33:57.763[0;39m [33m[http-nio-9966-exec-1][0;39m [34mINFO [0;39m [32mcom.zaxxer.hikari.HikariDataSource[0;39m - HikariPool-2 - Starting...
[31m2026-05-31 20:33:57.798[0;39m [33m[http-nio-9966-exec-1][0;39m [34mINFO [0;39m [32mcom.zaxxer.hikari.pool.HikariPool[0;39m - HikariPool-2 - Added connection org.postgresql.jdbc.PgConnection@2c15c321
[31m2026-05-31 20:33:57.798[0;39m [33m[http-nio-9966-exec-1][0;39m [34mINFO [0;39m [32mcom.zaxxer.hikari.HikariDataSource[0;39m - HikariPool-2 - Start completed.
[31m2026-05-31 20:33:58.586[0;39m [33m[File Watcher][0;39m [34mINFO [0;39m [32mo.s.b.d.a.LocalDevToolsAutoConfiguration$RestartingClassPathChangeChangedEventListener[0;39m - Restarting due to 1 class path change (0 additions, 0 deletions, 1 modification)
[31m2026-05-31 20:33:58.587[0;39m [33m[Thread-11][0;39m [34mINFO [0;39m [32mo.s.boot.web.embedded.tomcat.GracefulShutdown[0;39m - Commencing graceful shutdown. Waiting for active requests to complete
[31m2026-05-31 20:33:58.588[0;39m [33m[tomcat-shutdown][0;39m [34mINFO [0;39m [32morg.apache.coyote.http11.Http11NioProtocol[0;39m - Pausing ProtocolHandler ["http-nio-9966"]
[31m2026-05-31 20:33:59.110[0;39m [33m[tomcat-shutdown][0;39m [34mINFO [0;39m [32mo.s.boot.web.embedded.tomcat.GracefulShutdown[0;39m - Graceful shutdown complete
[31m2026-05-31 20:33:59.110[0;39m [33m[Thread-11][0;39m [34mINFO [0;39m [32morg.apache.coyote.http11.Http11NioProtocol[0;39m - Stopping ProtocolHandler ["http-nio-9966"]
[31m2026-05-31 20:33:59.113[0;39m [33m[Thread-11][0;39m [34mINFO [0;39m [32mcom.zaxxer.hikari.HikariDataSource[0;39m - HikariPool-2 - Shutdown initiated...
[31m2026-05-31 20:33:59.115[0;39m [33m[Thread-11][0;39m [34mINFO [0;39m [32mcom.zaxxer.hikari.HikariDataSource[0;39m - HikariPool-2 - Shutdown completed.
[31m2026-05-31 20:33:59.177[0;39m [33m[restartedMain][0;39m [34mINFO [0;39m [32mcom.geo.dsp.GeoDspApplication[0;39m - Starting GeoDspApplication using Java 17.0.18 with PID 62088 (C:\Users\22317\Desktop\bbb\geodspp\GeoDsp(1)\GeoDsp\target\classes started by 22317 in C:\Users\22317\Desktop\bbb\geodspp\GeoDsp(1)\GeoDsp)
[31m2026-05-31 20:33:59.177[0;39m [33m[restartedMain][0;39m [34mINFO [0;39m [32mcom.geo.dsp.GeoDspApplication[0;39m - No active profile set, falling back to 1 default profile: "default"
[31m2026-05-31 20:33:59.558[0;39m [33m[restartedMain][0;39m [34mINFO [0;39m [32mo.s.boot.web.embedded.tomcat.TomcatWebServer[0;39m - Tomcat initialized with port 9966 (http)
[31m2026-05-31 20:33:59.559[0;39m [33m[restartedMain][0;39m [34mINFO [0;39m [32morg.apache.coyote.http11.Http11NioProtocol[0;39m - Initializing ProtocolHandler ["http-nio-9966"]
[31m2026-05-31 20:33:59.559[0;39m [33m[restartedMain][0;39m [34mINFO [0;39m [32morg.apache.catalina.core.StandardService[0;39m - Starting service [Tomcat]
[31m2026-05-31 20:33:59.559[0;39m [33m[restartedMain][0;39m [34mINFO [0;39m [32morg.apache.catalina.core.StandardEngine[0;39m - Starting Servlet engine: [Apache Tomcat/10.1.33]
[31m2026-05-31 20:33:59.586[0;39m [33m[restartedMain][0;39m [34mINFO [0;39m [32mo.a.c.c.ContainerBase.[Tomcat].[localhost].[/geo][0;39m - Initializing Spring embedded WebApplicationContext
[31m2026-05-31 20:33:59.586[0;39m [33m[restartedMain][0;39m [34mINFO [0;39m [32mo.s.b.w.s.c.ServletWebServerApplicationContext[0;39m - Root WebApplicationContext: initialization completed in 407 ms
[31m2026-05-31 20:34:00.057[0;39m [33m[restartedMain][0;39m [34mINFO [0;39m [32mo.s.b.d.autoconfigure.OptionalLiveReloadServer[0;39m - LiveReload server is running on port 35729
[31m2026-05-31 20:34:00.066[0;39m [33m[restartedMain][0;39m [34mINFO [0;39m [32morg.apache.coyote.http11.Http11NioProtocol[0;39m - Starting ProtocolHandler ["http-nio-9966"]
[31m2026-05-31 20:34:00.069[0;39m [33m[restartedMain][0;39m [34mINFO [0;39m [32mo.s.boot.web.embedded.tomcat.TomcatWebServer[0;39m - Tomcat started on port 9966 (http) with context path '/geo'
[31m2026-05-31 20:34:00.075[0;39m [33m[restartedMain][0;39m [34mINFO [0;39m [32mcom.geo.dsp.GeoDspApplication[0;39m - Started GeoDspApplication in 0.92 seconds (process running for 332.945)
[31m2026-05-31 20:34:00.076[0;39m [33m[restartedMain][0;39m [34mINFO [0;39m [32mo.s.b.d.a.ConditionEvaluationDeltaLoggingListener[0;39m - Condition evaluation unchanged
[31m2026-05-31 20:34:24.760[0;39m [33m[background-preinit][0;39m [34mINFO [0;39m [32morg.hibernate.validator.internal.util.Version[0;39m - HV000001: Hibernate Validator 8.0.1.Final
[31m2026-05-31 20:34:24.804[0;39m [33m[restartedMain][0;39m [34mINFO [0;39m [32mcom.geo.dsp.GeoDspApplication[0;39m - Starting GeoDspApplication using Java 17.0.18 with PID 42136 (C:\Users\22317\Desktop\bbb\geodspp\GeoDsp(1)\GeoDsp\target\classes started by 22317 in C:\Users\22317\Desktop\bbb\geodspp\GeoDsp(1)\GeoDsp)
[31m2026-05-31 20:34:24.805[0;39m [33m[restartedMain][0;39m [34mINFO [0;39m [32mcom.geo.dsp.GeoDspApplication[0;39m - No active profile set, falling back to 1 default profile: "default"
[31m2026-05-31 20:34:24.839[0;39m [33m[restartedMain][0;39m [34mINFO [0;39m [32mo.s.boot.devtools.restart.ChangeableUrls[0;39m - The Class-Path manifest attribute in E:\develop\apache-maven-3.9.11-bin\apache-maven-3.9.11\mvn_repo2\com\sun\xml\bind\jaxb-core\4.0.5\jaxb-core-4.0.5.jar referenced one or more files that do not exist: file:/E:/develop/apache-maven-3.9.11-bin/apache-maven-3.9.11/mvn_repo2/com/sun/xml/bind/jaxb-core/4.0.5/jakarta.activation-api.jar,file:/E:/develop/apache-maven-3.9.11-bin/apache-maven-3.9.11/mvn_repo2/com/sun/xml/bind/jaxb-core/4.0.5/jakarta.xml.bind-api.jar
[31m2026-05-31 20:34:24.839[0;39m [33m[restartedMain][0;39m [34mINFO [0;39m [32mo.s.boot.devtools.restart.ChangeableUrls[0;39m - The Class-Path manifest attribute in E:\develop\apache-maven-3.9.11-bin\apache-maven-3.9.11\mvn_repo2\com\sun\xml\bind\jaxb-impl\4.0.5\jaxb-impl-4.0.5.jar referenced one or more files that do not exist: file:/E:/develop/apache-maven-3.9.11-bin/apache-maven-3.9.11/mvn_repo2/com/sun/xml/bind/jaxb-impl/4.0.5/jaxb-core.jar,file:/E:/develop/apache-maven-3.9.11-bin/apache-maven-3.9.11/mvn_repo2/com/sun/xml/bind/jaxb-impl/4.0.5/angus-activation.jar
[31m2026-05-31 20:34:24.839[0;39m [33m[restartedMain][0;39m [34mINFO [0;39m [32mo.s.b.d.env.DevToolsPropertyDefaultsPostProcessor[0;39m - Devtools property defaults active! Set 'spring.devtools.add-properties' to 'false' to disable
[31m2026-05-31 20:34:24.839[0;39m [33m[restartedMain][0;39m [34mINFO [0;39m [32mo.s.b.d.env.DevToolsPropertyDefaultsPostProcessor[0;39m - For additional web related logging consider setting the 'logging.level.web' property to 'DEBUG'
[31m2026-05-31 20:34:26.275[0;39m [33m[restartedMain][0;39m [34mINFO [0;39m [32mo.s.boot.web.embedded.tomcat.TomcatWebServer[0;39m - Tomcat initialized with port 9966 (http)
[31m2026-05-31 20:34:26.302[0;39m [33m[restartedMain][0;39m [34mINFO [0;39m [32morg.apache.coyote.http11.Http11NioProtocol[0;39m - Initializing ProtocolHandler ["http-nio-9966"]
[31m2026-05-31 20:34:26.305[0;39m [33m[restartedMain][0;39m [34mINFO [0;39m [32morg.apache.catalina.core.StandardService[0;39m - Starting service [Tomcat]
[31m2026-05-31 20:34:26.305[0;39m [33m[restartedMain][0;39m [34mINFO [0;39m [32morg.apache.catalina.core.StandardEngine[0;39m - Starting Servlet engine: [Apache Tomcat/10.1.33]
[31m2026-05-31 20:34:26.345[0;39m [33m[restartedMain][0;39m [34mINFO [0;39m [32mo.a.c.c.ContainerBase.[Tomcat].[localhost].[/geo][0;39m - Initializing Spring embedded WebApplicationContext
[31m2026-05-31 20:34:26.345[0;39m [33m[restartedMain][0;39m [34mINFO [0;39m [32mo.s.b.w.s.c.ServletWebServerApplicationContext[0;39m - Root WebApplicationContext: initialization completed in 1506 ms
[31m2026-05-31 20:34:28.087[0;39m [33m[restartedMain][0;39m [34mINFO [0;39m [32mo.s.b.d.autoconfigure.OptionalLiveReloadServer[0;39m - LiveReload server is running on port 35729
[31m2026-05-31 20:34:28.112[0;39m [33m[restartedMain][0;39m [34mINFO [0;39m [32morg.apache.coyote.http11.Http11NioProtocol[0;39m - Starting ProtocolHandler ["http-nio-9966"]
[31m2026-05-31 20:34:28.139[0;39m [33m[restartedMain][0;39m [34mINFO [0;39m [32mo.s.boot.web.embedded.tomcat.TomcatWebServer[0;39m - Tomcat started on port 9966 (http) with context path '/geo'
[31m2026-05-31 20:34:28.164[0;39m [33m[restartedMain][0;39m [34mINFO [0;39m [32mcom.geo.dsp.GeoDspApplication[0;39m - Started GeoDspApplication in 3.736 seconds (process running for 4.055)
[31m2026-05-31 20:37:10.518[0;39m [33m[background-preinit][0;39m [34mINFO [0;39m [32morg.hibernate.validator.internal.util.Version[0;39m - HV000001: Hibernate Validator 8.0.1.Final
[31m2026-05-31 20:37:10.548[0;39m [33m[restartedMain][0;39m [34mINFO [0;39m [32mcom.geo.dsp.GeoDspApplication[0;39m - Starting GeoDspApplication using Java 17.0.18 with PID 23932 (C:\Users\22317\Desktop\bbb\geodspp\GeoDsp(1)\GeoDsp\target\classes started by 22317 in C:\Users\22317\Desktop\bbb\geodspp\GeoDsp(1)\GeoDsp)
[31m2026-05-31 20:37:10.549[0;39m [33m[restartedMain][0;39m [34mINFO [0;39m [32mcom.geo.dsp.GeoDspApplication[0;39m - No active profile set, falling back to 1 default profile: "default"
[31m2026-05-31 20:37:10.578[0;39m [33m[restartedMain][0;39m [34mINFO [0;39m [32mo.s.boot.devtools.restart.ChangeableUrls[0;39m - The Class-Path manifest attribute in E:\develop\apache-maven-3.9.11-bin\apache-maven-3.9.11\mvn_repo2\com\sun\xml\bind\jaxb-core\4.0.5\jaxb-core-4.0.5.jar referenced one or more files that do not exist: file:/E:/develop/apache-maven-3.9.11-bin/apache-maven-3.9.11/mvn_repo2/com/sun/xml/bind/jaxb-core/4.0.5/jakarta.activation-api.jar,file:/E:/develop/apache-maven-3.9.11-bin/apache-maven-3.9.11/mvn_repo2/com/sun/xml/bind/jaxb-core/4.0.5/jakarta.xml.bind-api.jar
[31m2026-05-31 20:37:10.579[0;39m [33m[restartedMain][0;39m [34mINFO [0;39m [32mo.s.boot.devtools.restart.ChangeableUrls[0;39m - The Class-Path manifest attribute in E:\develop\apache-maven-3.9.11-bin\apache-maven-3.9.11\mvn_repo2\com\sun\xml\bind\jaxb-impl\4.0.5\jaxb-impl-4.0.5.jar referenced one or more files that do not exist: file:/E:/develop/apache-maven-3.9.11-bin/apache-maven-3.9.11/mvn_repo2/com/sun/xml/bind/jaxb-impl/4.0.5/jaxb-core.jar,file:/E:/develop/apache-maven-3.9.11-bin/apache-maven-3.9.11/mvn_repo2/com/sun/xml/bind/jaxb-impl/4.0.5/angus-activation.jar
[31m2026-05-31 20:37:10.579[0;39m [33m[restartedMain][0;39m [34mINFO [0;39m [32mo.s.b.d.env.DevToolsPropertyDefaultsPostProcessor[0;39m - Devtools property defaults active! Set 'spring.devtools.add-properties' to 'false' to disable
[31m2026-05-31 20:37:10.579[0;39m [33m[restartedMain][0;39m [34mINFO [0;39m [32mo.s.b.d.env.DevToolsPropertyDefaultsPostProcessor[0;39m - For additional web related logging consider setting the 'logging.level.web' property to 'DEBUG'
[31m2026-05-31 20:37:12.112[0;39m [33m[restartedMain][0;39m [34mINFO [0;39m [32mo.s.boot.web.embedded.tomcat.TomcatWebServer[0;39m - Tomcat initialized with port 9966 (http)
[31m2026-05-31 20:37:12.136[0;39m [33m[restartedMain][0;39m [34mINFO [0;39m [32morg.apache.coyote.http11.Http11NioProtocol[0;39m - Initializing ProtocolHandler ["http-nio-9966"]
[31m2026-05-31 20:37:12.140[0;39m [33m[restartedMain][0;39m [34mINFO [0;39m [32morg.apache.catalina.core.StandardService[0;39m - Starting service [Tomcat]
[31m2026-05-31 20:37:12.141[0;39m [33m[restartedMain][0;39m [34mINFO [0;39m [32morg.apache.catalina.core.StandardEngine[0;39m - Starting Servlet engine: [Apache Tomcat/10.1.33]
[31m2026-05-31 20:37:12.238[0;39m [33m[restartedMain][0;39m [34mINFO [0;39m [32mo.a.c.c.ContainerBase.[Tomcat].[localhost].[/geo][0;39m - Initializing Spring embedded WebApplicationContext
[31m2026-05-31 20:37:12.238[0;39m [33m[restartedMain][0;39m [34mINFO [0;39m [32mo.s.b.w.s.c.ServletWebServerApplicationContext[0;39m - Root WebApplicationContext: initialization completed in 1659 ms
[31m2026-05-31 20:37:13.848[0;39m [33m[restartedMain][0;39m [34mINFO [0;39m [32mo.s.b.d.autoconfigure.OptionalLiveReloadServer[0;39m - LiveReload server is running on port 35729
[31m2026-05-31 20:37:13.885[0;39m [33m[restartedMain][0;39m [34mINFO [0;39m [32morg.apache.coyote.http11.Http11NioProtocol[0;39m - Starting ProtocolHandler ["http-nio-9966"]
[31m2026-05-31 20:37:13.903[0;39m [33m[restartedMain][0;39m [34mINFO [0;39m [32mo.s.boot.web.embedded.tomcat.TomcatWebServer[0;39m - Tomcat started on port 9966 (http) with context path '/geo'
[31m2026-05-31 20:37:13.931[0;39m [33m[restartedMain][0;39m [34mINFO [0;39m [32mcom.geo.dsp.GeoDspApplication[0;39m - Started GeoDspApplication in 3.73 seconds (process running for 4.028)
[31m2026-05-31 20:38:54.025[0;39m [33m[background-preinit][0;39m [34mINFO [0;39m [32morg.hibernate.validator.internal.util.Version[0;39m - HV000001: Hibernate Validator 8.0.1.Final
[31m2026-05-31 20:38:54.054[0;39m [33m[restartedMain][0;39m [34mINFO [0;39m [32mcom.geo.dsp.GeoDspApplication[0;39m - Starting GeoDspApplication using Java 17.0.18 with PID 63380 (C:\Users\22317\Desktop\bbb\geodspp\GeoDsp(1)\GeoDsp\target\classes started by 22317 in C:\Users\22317\Desktop\bbb\geodspp\GeoDsp(1)\GeoDsp)
[31m2026-05-31 20:38:54.055[0;39m [33m[restartedMain][0;39m [34mINFO [0;39m [32mcom.geo.dsp.GeoDspApplication[0;39m - No active profile set, falling back to 1 default profile: "default"
[31m2026-05-31 20:38:54.085[0;39m [33m[restartedMain][0;39m [34mINFO [0;39m [32mo.s.boot.devtools.restart.ChangeableUrls[0;39m - The Class-Path manifest attribute in E:\develop\apache-maven-3.9.11-bin\apache-maven-3.9.11\mvn_repo2\com\sun\xml\bind\jaxb-core\4.0.5\jaxb-core-4.0.5.jar referenced one or more files that do not exist: file:/E:/develop/apache-maven-3.9.11-bin/apache-maven-3.9.11/mvn_repo2/com/sun/xml/bind/jaxb-core/4.0.5/jakarta.activation-api.jar,file:/E:/develop/apache-maven-3.9.11-bin/apache-maven-3.9.11/mvn_repo2/com/sun/xml/bind/jaxb-core/4.0.5/jakarta.xml.bind-api.jar
[31m2026-05-31 20:38:54.087[0;39m [33m[restartedMain][0;39m [34mINFO [0;39m [32mo.s.boot.devtools.restart.ChangeableUrls[0;39m - The Class-Path manifest attribute in E:\develop\apache-maven-3.9.11-bin\apache-maven-3.9.11\mvn_repo2\com\sun\xml\bind\jaxb-impl\4.0.5\jaxb-impl-4.0.5.jar referenced one or more files that do not exist: file:/E:/develop/apache-maven-3.9.11-bin/apache-maven-3.9.11/mvn_repo2/com/sun/xml/bind/jaxb-impl/4.0.5/jaxb-core.jar,file:/E:/develop/apache-maven-3.9.11-bin/apache-maven-3.9.11/mvn_repo2/com/sun/xml/bind/jaxb-impl/4.0.5/angus-activation.jar
[31m2026-05-31 20:38:54.087[0;39m [33m[restartedMain][0;39m [34mINFO [0;39m [32mo.s.b.d.env.DevToolsPropertyDefaultsPostProcessor[0;39m - Devtools property defaults active! Set 'spring.devtools.add-properties' to 'false' to disable
[31m2026-05-31 20:38:54.087[0;39m [33m[restartedMain][0;39m [34mINFO [0;39m [32mo.s.b.d.env.DevToolsPropertyDefaultsPostProcessor[0;39m - For additional web related logging consider setting the 'logging.level.web' property to 'DEBUG'
[31m2026-05-31 20:38:55.183[0;39m [33m[restartedMain][0;39m [34mINFO [0;39m [32mo.s.boot.web.embedded.tomcat.TomcatWebServer[0;39m - Tomcat initialized with port 9966 (http)
[31m2026-05-31 20:38:55.192[0;39m [33m[restartedMain][0;39m [34mINFO [0;39m [32morg.apache.coyote.http11.Http11NioProtocol[0;39m - Initializing ProtocolHandler ["http-nio-9966"]
[31m2026-05-31 20:38:55.194[0;39m [33m[restartedMain][0;39m [34mINFO [0;39m [32morg.apache.catalina.core.StandardService[0;39m - Starting service [Tomcat]
[31m2026-05-31 20:38:55.194[0;39m [33m[restartedMain][0;39m [34mINFO [0;39m [32morg.apache.catalina.core.StandardEngine[0;39m - Starting Servlet engine: [Apache Tomcat/10.1.33]
[31m2026-05-31 20:38:55.229[0;39m [33m[restartedMain][0;39m [34mINFO [0;39m [32mo.a.c.c.ContainerBase.[Tomcat].[localhost].[/geo][0;39m - Initializing Spring embedded WebApplicationContext
[31m2026-05-31 20:38:55.229[0;39m [33m[restartedMain][0;39m [34mINFO [0;39m [32mo.s.b.w.s.c.ServletWebServerApplicationContext[0;39m - Root WebApplicationContext: initialization completed in 1142 ms
[31m2026-05-31 20:38:56.372[0;39m [33m[restartedMain][0;39m [34mINFO [0;39m [32mo.s.b.d.autoconfigure.OptionalLiveReloadServer[0;39m - LiveReload server is running on port 35729
[31m2026-05-31 20:38:56.400[0;39m [33m[restartedMain][0;39m [34mINFO [0;39m [32morg.apache.coyote.http11.Http11NioProtocol[0;39m - Starting ProtocolHandler ["http-nio-9966"]
[31m2026-05-31 20:38:56.412[0;39m [33m[restartedMain][0;39m [34mINFO [0;39m [32mo.s.boot.web.embedded.tomcat.TomcatWebServer[0;39m - Tomcat started on port 9966 (http) with context path '/geo'
[31m2026-05-31 20:38:56.427[0;39m [33m[restartedMain][0;39m [34mINFO [0;39m [32mcom.geo.dsp.GeoDspApplication[0;39m - Started GeoDspApplication in 2.675 seconds (process running for 2.957)
[31m2026-05-31 20:40:14.149[0;39m [33m[background-preinit][0;39m [34mINFO [0;39m [32morg.hibernate.validator.internal.util.Version[0;39m - HV000001: Hibernate Validator 8.0.1.Final
[31m2026-05-31 20:40:14.177[0;39m [33m[restartedMain][0;39m [34mINFO [0;39m [32mcom.geo.dsp.GeoDspApplication[0;39m - Starting GeoDspApplication using Java 17.0.18 with PID 10348 (C:\Users\22317\Desktop\bbb\geodspp\GeoDsp(1)\GeoDsp\target\classes started by 22317 in C:\Users\22317\Desktop\bbb\geodspp\GeoDsp(1)\GeoDsp)
[31m2026-05-31 20:40:14.179[0;39m [33m[restartedMain][0;39m [34mINFO [0;39m [32mcom.geo.dsp.GeoDspApplication[0;39m - No active profile set, falling back to 1 default profile: "default"
[31m2026-05-31 20:40:14.209[0;39m [33m[restartedMain][0;39m [34mINFO [0;39m [32mo.s.boot.devtools.restart.ChangeableUrls[0;39m - The Class-Path manifest attribute in E:\develop\apache-maven-3.9.11-bin\apache-maven-3.9.11\mvn_repo2\com\sun\xml\bind\jaxb-core\4.0.5\jaxb-core-4.0.5.jar referenced one or more files that do not exist: file:/E:/develop/apache-maven-3.9.11-bin/apache-maven-3.9.11/mvn_repo2/com/sun/xml/bind/jaxb-core/4.0.5/jakarta.activation-api.jar,file:/E:/develop/apache-maven-3.9.11-bin/apache-maven-3.9.11/mvn_repo2/com/sun/xml/bind/jaxb-core/4.0.5/jakarta.xml.bind-api.jar
[31m2026-05-31 20:40:14.209[0;39m [33m[restartedMain][0;39m [34mINFO [0;39m [32mo.s.boot.devtools.restart.ChangeableUrls[0;39m - The Class-Path manifest attribute in E:\develop\apache-maven-3.9.11-bin\apache-maven-3.9.11\mvn_repo2\com\sun\xml\bind\jaxb-impl\4.0.5\jaxb-impl-4.0.5.jar referenced one or more files that do not exist: file:/E:/develop/apache-maven-3.9.11-bin/apache-maven-3.9.11/mvn_repo2/com/sun/xml/bind/jaxb-impl/4.0.5/jaxb-core.jar,file:/E:/develop/apache-maven-3.9.11-bin/apache-maven-3.9.11/mvn_repo2/com/sun/xml/bind/jaxb-impl/4.0.5/angus-activation.jar
[31m2026-05-31 20:40:30.723[0;39m [33m[restartedMain][0;39m [34mINFO [0;39m [32mo.s.b.d.env.DevToolsPropertyDefaultsPostProcessor[0;39m - Devtools property defaults active! Set 'spring.devtools.add-properties' to 'false' to disable
[31m2026-05-31 20:40:30.723[0;39m [33m[restartedMain][0;39m [34mINFO [0;39m [32mo.s.b.d.env.DevToolsPropertyDefaultsPostProcessor[0;39m - For additional web related logging consider setting the 'logging.level.web' property to 'DEBUG'
[31m2026-05-31 20:40:32.431[0;39m [33m[restartedMain][0;39m [34mINFO [0;39m [32mo.s.boot.web.embedded.tomcat.TomcatWebServer[0;39m - Tomcat initialized with port 9966 (http)
[31m2026-05-31 20:40:32.441[0;39m [33m[restartedMain][0;39m [34mINFO [0;39m [32morg.apache.coyote.http11.Http11NioProtocol[0;39m - Initializing ProtocolHandler ["http-nio-9966"]
[31m2026-05-31 20:40:32.444[0;39m [33m[restartedMain][0;39m [34mINFO [0;39m [32morg.apache.catalina.core.StandardService[0;39m - Starting service [Tomcat]
[31m2026-05-31 20:40:32.445[0;39m [33m[restartedMain][0;39m [34mINFO [0;39m [32morg.apache.catalina.core.StandardEngine[0;39m - Starting Servlet engine: [Apache Tomcat/10.1.33]
[31m2026-05-31 20:40:32.506[0;39m [33m[restartedMain][0;39m [34mINFO [0;39m [32mo.a.c.c.ContainerBase.[Tomcat].[localhost].[/geo][0;39m - Initializing Spring embedded WebApplicationContext
[31m2026-05-31 20:40:32.506[0;39m [33m[restartedMain][0;39m [34mINFO [0;39m [32mo.s.b.w.s.c.ServletWebServerApplicationContext[0;39m - Root WebApplicationContext: initialization completed in 1782 ms
[31m2026-05-31 20:40:34.432[0;39m [33m[restartedMain][0;39m [34mINFO [0;39m [32mo.s.b.d.autoconfigure.OptionalLiveReloadServer[0;39m - LiveReload server is running on port 35729
[31m2026-05-31 20:40:34.461[0;39m [33m[restartedMain][0;39m [34mINFO [0;39m [32morg.apache.coyote.http11.Http11NioProtocol[0;39m - Starting ProtocolHandler ["http-nio-9966"]
[31m2026-05-31 20:40:34.484[0;39m [33m[restartedMain][0;39m [34mINFO [0;39m [32mo.s.boot.web.embedded.tomcat.TomcatWebServer[0;39m - Tomcat started on port 9966 (http) with context path '/geo'
[31m2026-05-31 20:40:34.508[0;39m [33m[restartedMain][0;39m [34mINFO [0;39m [32mcom.geo.dsp.GeoDspApplication[0;39m - Started GeoDspApplication in 20.635 seconds (process running for 20.905)
[31m2026-05-31 20:40:51.534[0;39m [33m[http-nio-9966-exec-1][0;39m [34mINFO [0;39m [32mo.a.c.c.ContainerBase.[Tomcat].[localhost].[/geo][0;39m - Initializing Spring DispatcherServlet 'dispatcherServlet'
[31m2026-05-31 20:40:51.535[0;39m [33m[http-nio-9966-exec-1][0;39m [34mINFO [0;39m [32morg.springframework.web.servlet.DispatcherServlet[0;39m - Initializing Servlet 'dispatcherServlet'
[31m2026-05-31 20:40:51.538[0;39m [33m[http-nio-9966-exec-1][0;39m [34mINFO [0;39m [32morg.springframework.web.servlet.DispatcherServlet[0;39m - Completed initialization in 3 ms
[31m2026-05-31 20:40:51.778[0;39m [33m[http-nio-9966-exec-1][0;39m [34mINFO [0;39m [32mcom.zaxxer.hikari.HikariDataSource[0;39m - HikariPool-1 - Starting...
[31m2026-05-31 20:40:52.421[0;39m [33m[http-nio-9966-exec-1][0;39m [34mINFO [0;39m [32mcom.zaxxer.hikari.pool.HikariPool[0;39m - HikariPool-1 - Added connection org.postgresql.jdbc.PgConnection@480d268c
[31m2026-05-31 20:40:52.425[0;39m [33m[http-nio-9966-exec-1][0;39m [34mINFO [0;39m [32mcom.zaxxer.hikari.HikariDataSource[0;39m - HikariPool-1 - Start completed.
[31m2026-05-31 20:41:55.582[0;39m [33m[File Watcher][0;39m [34mINFO [0;39m [32mo.s.b.d.a.LocalDevToolsAutoConfiguration$RestartingClassPathChangeChangedEventListener[0;39m - Restarting due to 195 class path changes (0 additions, 194 deletions, 1 modification)
[31m2026-05-31 20:41:55.591[0;39m [33m[Thread-5][0;39m [34mINFO [0;39m [32mo.s.boot.web.embedded.tomcat.GracefulShutdown[0;39m - Commencing graceful shutdown. Waiting for active requests to complete
[31m2026-05-31 20:41:55.593[0;39m [33m[tomcat-shutdown][0;39m [34mINFO [0;39m [32morg.apache.coyote.http11.Http11NioProtocol[0;39m - Pausing ProtocolHandler ["http-nio-9966"]
[31m2026-05-31 20:41:56.176[0;39m [33m[tomcat-shutdown][0;39m [34mINFO [0;39m [32mo.s.boot.web.embedded.tomcat.GracefulShutdown[0;39m - Graceful shutdown complete
[31m2026-05-31 20:41:56.177[0;39m [33m[Thread-5][0;39m [34mINFO [0;39m [32morg.apache.coyote.http11.Http11NioProtocol[0;39m - Stopping ProtocolHandler ["http-nio-9966"]
[31m2026-05-31 20:41:56.258[0;39m [33m[Thread-5][0;39m [34mINFO [0;39m [32mcom.zaxxer.hikari.HikariDataSource[0;39m - HikariPool-1 - Shutdown initiated...
[31m2026-05-31 20:41:56.261[0;39m [33m[Thread-5][0;39m [34mINFO [0;39m [32mcom.zaxxer.hikari.HikariDataSource[0;39m - HikariPool-1 - Shutdown completed.
[31m2026-05-31 20:41:56.356[0;39m [33m[restartedMain][0;39m [34mINFO [0;39m [32mcom.geo.dsp.GeoDspApplication[0;39m - Starting GeoDspApplication using Java 17.0.18 with PID 10348 (C:\Users\22317\Desktop\bbb\geodspp\GeoDsp(1)\GeoDsp\target\classes started by 22317 in C:\Users\22317\Desktop\bbb\geodspp\GeoDsp(1)\GeoDsp)
[31m2026-05-31 20:41:56.357[0;39m [33m[restartedMain][0;39m [34mINFO [0;39m [32mcom.geo.dsp.GeoDspApplication[0;39m - No active profile set, falling back to 1 default profile: "default"
[31m2026-05-31 20:41:56.643[0;39m [33m[restartedMain][0;39m [34mINFO [0;39m [32mo.s.boot.web.embedded.tomcat.TomcatWebServer[0;39m - Tomcat initialized with port 9966 (http)
[31m2026-05-31 20:41:56.644[0;39m [33m[restartedMain][0;39m [34mINFO [0;39m [32morg.apache.coyote.http11.Http11NioProtocol[0;39m - Initializing ProtocolHandler ["http-nio-9966"]
[31m2026-05-31 20:41:56.644[0;39m [33m[restartedMain][0;39m [34mINFO [0;39m [32morg.apache.catalina.core.StandardService[0;39m - Starting service [Tomcat]
[31m2026-05-31 20:41:56.644[0;39m [33m[restartedMain][0;39m [34mINFO [0;39m [32morg.apache.catalina.core.StandardEngine[0;39m - Starting Servlet engine: [Apache Tomcat/10.1.33]
[31m2026-05-31 20:41:56.669[0;39m [33m[restartedMain][0;39m [34mINFO [0;39m [32mo.a.c.c.ContainerBase.[Tomcat].[localhost].[/geo][0;39m - Initializing Spring embedded WebApplicationContext
[31m2026-05-31 20:41:56.670[0;39m [33m[restartedMain][0;39m [34mINFO [0;39m [32mo.s.b.w.s.c.ServletWebServerApplicationContext[0;39m - Root WebApplicationContext: initialization completed in 312 ms
[31m2026-05-31 20:41:56.806[0;39m [33m[restartedMain][0;39m [34mINFO [0;39m [32morg.apache.catalina.core.StandardService[0;39m - Stopping service [Tomcat]
[31m2026-05-31 20:42:00.687[0;39m [33m[restartedMain][0;39m [34mINFO [0;39m [32mcom.geo.dsp.GeoDspApplication[0;39m - Starting GeoDspApplication using Java 17.0.18 with PID 10348 (C:\Users\22317\Desktop\bbb\geodspp\GeoDsp(1)\GeoDsp\target\classes started by 22317 in C:\Users\22317\Desktop\bbb\geodspp\GeoDsp(1)\GeoDsp)
[31m2026-05-31 20:42:00.688[0;39m [33m[restartedMain][0;39m [34mINFO [0;39m [32mcom.geo.dsp.GeoDspApplication[0;39m - No active profile set, falling back to 1 default profile: "default"
[31m2026-05-31 20:42:01.164[0;39m [33m[restartedMain][0;39m [34mINFO [0;39m [32mo.s.boot.web.embedded.tomcat.TomcatWebServer[0;39m - Tomcat initialized with port 9966 (http)
[31m2026-05-31 20:42:01.166[0;39m [33m[restartedMain][0;39m [34mINFO [0;39m [32morg.apache.coyote.http11.Http11NioProtocol[0;39m - Initializing ProtocolHandler ["http-nio-9966"]
[31m2026-05-31 20:42:01.166[0;39m [33m[restartedMain][0;39m [34mINFO [0;39m [32morg.apache.catalina.core.StandardService[0;39m - Starting service [Tomcat]
[31m2026-05-31 20:42:01.166[0;39m [33m[restartedMain][0;39m [34mINFO [0;39m [32morg.apache.catalina.core.StandardEngine[0;39m - Starting Servlet engine: [Apache Tomcat/10.1.33]
[31m2026-05-31 20:42:01.192[0;39m [33m[restartedMain][0;39m [34mINFO [0;39m [32mo.a.c.c.C.[Tomcat-1].[localhost].[/geo][0;39m - Initializing Spring embedded WebApplicationContext
[31m2026-05-31 20:42:01.192[0;39m [33m[restartedMain][0;39m [34mINFO [0;39m [32mo.s.b.w.s.c.ServletWebServerApplicationContext[0;39m - Root WebApplicationContext: initialization completed in 501 ms
[31m2026-05-31 20:42:01.772[0;39m [33m[restartedMain][0;39m [34mINFO [0;39m [32mo.s.b.d.autoconfigure.OptionalLiveReloadServer[0;39m - LiveReload server is running on port 35729
[31m2026-05-31 20:42:01.784[0;39m [33m[restartedMain][0;39m [34mINFO [0;39m [32morg.apache.coyote.http11.Http11NioProtocol[0;39m - Starting ProtocolHandler ["http-nio-9966"]
[31m2026-05-31 20:42:01.787[0;39m [33m[restartedMain][0;39m [34mINFO [0;39m [32mo.s.boot.web.embedded.tomcat.TomcatWebServer[0;39m - Tomcat started on port 9966 (http) with context path '/geo'
[31m2026-05-31 20:42:01.795[0;39m [33m[restartedMain][0;39m [34mINFO [0;39m [32mcom.geo.dsp.GeoDspApplication[0;39m - Started GeoDspApplication in 1.145 seconds (process running for 108.192)
[31m2026-05-31 20:42:01.796[0;39m [33m[restartedMain][0;39m [34mINFO [0;39m [32mo.s.b.d.a.ConditionEvaluationDeltaLoggingListener[0;39m - Condition evaluation unchanged
