[31m2026-03-18 17:50:13.224[0;39m [33m[background-preinit][0;39m [34mINFO [0;39m [32morg.hibernate.validator.internal.util.Version[0;39m - HV000001: Hibernate Validator 8.0.1.Final
[31m2026-03-18 17:50:13.256[0;39m [33m[restartedMain][0;39m [34mINFO [0;39m [32mcom.geo.dsp.GeoDspApplication[0;39m - Starting GeoDspApplication using Java 17.0.17 with PID 9612 (D:\ZhiNengWuTan\GeoDsp\target\classes started by zhiluo in D:\ZhiNengWuTan\GeoDsp)
[31m2026-03-18 17:50:13.257[0;39m [33m[restartedMain][0;39m [34mINFO [0;39m [32mcom.geo.dsp.GeoDspApplication[0;39m - No active profile set, falling back to 1 default profile: "default"
[31m2026-03-18 17:50:14.390[0;39m [33m[restartedMain][0;39m [34mINFO [0;39m [32morg.apache.coyote.http11.Http11NioProtocol[0;39m - Initializing ProtocolHandler ["http-nio-9966"]
[31m2026-03-18 17:50:14.391[0;39m [33m[restartedMain][0;39m [34mINFO [0;39m [32morg.apache.catalina.core.StandardService[0;39m - Starting service [Tomcat]
[31m2026-03-18 17:50:14.391[0;39m [33m[restartedMain][0;39m [34mINFO [0;39m [32morg.apache.catalina.core.StandardEngine[0;39m - Starting Servlet engine: [Apache Tomcat/10.1.33]
[31m2026-03-18 17:50:14.446[0;39m [33m[restartedMain][0;39m [34mINFO [0;39m [32mo.a.c.c.ContainerBase.[Tomcat].[localhost].[/geo][0;39m - Initializing Spring embedded WebApplicationContext
[31m2026-03-18 17:50:15.751[0;39m [33m[restartedMain][0;39m [34mINFO [0;39m [32morg.apache.coyote.http11.Http11NioProtocol[0;39m - Starting ProtocolHandler ["http-nio-9966"]
[31m2026-03-18 17:50:15.773[0;39m [33m[restartedMain][0;39m [34mINFO [0;39m [32mcom.geo.dsp.GeoDspApplication[0;39m - Started GeoDspApplication in 2.861 seconds (process running for 3.513)
[31m2026-03-18 17:51:15.565[0;39m [33m[http-nio-9966-exec-1][0;39m [34mINFO [0;39m [32mo.a.c.c.ContainerBase.[Tomcat].[localhost].[/geo][0;39m - Initializing Spring DispatcherServlet 'dispatcherServlet'
[31m2026-03-18 17:52:39.476[0;39m [33m[background-preinit][0;39m [34mINFO [0;39m [32morg.hibernate.validator.internal.util.Version[0;39m - HV000001: Hibernate Validator 8.0.1.Final
[31m2026-03-18 17:52:39.505[0;39m [33m[restartedMain][0;39m [34mINFO [0;39m [32mcom.geo.dsp.GeoDspApplication[0;39m - Starting GeoDspApplication using Java 17.0.17 with PID 26128 (D:\ZhiNengWuTan\GeoDsp\target\classes started by zhiluo in D:\ZhiNengWuTan\GeoDsp)
[31m2026-03-18 17:52:39.507[0;39m [33m[restartedMain][0;39m [34mINFO [0;39m [32mcom.geo.dsp.GeoDspApplication[0;39m - No active profile set, falling back to 1 default profile: "default"
[31m2026-03-18 17:52:40.453[0;39m [33m[restartedMain][0;39m [34mINFO [0;39m [32morg.apache.coyote.http11.Http11NioProtocol[0;39m - Initializing ProtocolHandler ["http-nio-9966"]
[31m2026-03-18 17:52:40.455[0;39m [33m[restartedMain][0;39m [34mINFO [0;39m [32morg.apache.catalina.core.StandardService[0;39m - Starting service [Tomcat]
[31m2026-03-18 17:52:40.455[0;39m [33m[restartedMain][0;39m [34mINFO [0;39m [32morg.apache.catalina.core.StandardEngine[0;39m - Starting Servlet engine: [Apache Tomcat/10.1.33]
[31m2026-03-18 17:52:40.501[0;39m [33m[restartedMain][0;39m [34mINFO [0;39m [32mo.a.c.c.ContainerBase.[Tomcat].[localhost].[/geo][0;39m - Initializing Spring embedded WebApplicationContext
[31m2026-03-18 17:52:41.609[0;39m [33m[restartedMain][0;39m [34mINFO [0;39m [32morg.apache.coyote.http11.Http11NioProtocol[0;39m - Starting ProtocolHandler ["http-nio-9966"]
[31m2026-03-18 17:52:41.632[0;39m [33m[restartedMain][0;39m [34mINFO [0;39m [32mcom.geo.dsp.GeoDspApplication[0;39m - Started GeoDspApplication in 2.409 seconds (process running for 2.981)
[31m2026-03-18 18:22:52.859[0;39m [33m[background-preinit][0;39m [34mINFO [0;39m [32morg.hibernate.validator.internal.util.Version[0;39m - HV000001: Hibernate Validator 8.0.1.Final
[31m2026-03-18 18:22:52.888[0;39m [33m[restartedMain][0;39m [34mINFO [0;39m [32mcom.geo.dsp.GeoDspApplication[0;39m - Starting GeoDspApplication using Java 17.0.17 with PID 46648 (D:\ZhiNengWuTan\GeoDsp\target\classes started by zhiluo in D:\ZhiNengWuTan\GeoDsp)
[31m2026-03-18 18:22:52.888[0;39m [33m[restartedMain][0;39m [34mINFO [0;39m [32mcom.geo.dsp.GeoDspApplication[0;39m - No active profile set, falling back to 1 default profile: "default"
[31m2026-03-18 18:22:53.835[0;39m [33m[restartedMain][0;39m [34mINFO [0;39m [32morg.apache.coyote.http11.Http11NioProtocol[0;39m - Initializing ProtocolHandler ["http-nio-9966"]
[31m2026-03-18 18:22:53.837[0;39m [33m[restartedMain][0;39m [34mINFO [0;39m [32morg.apache.catalina.core.StandardService[0;39m - Starting service [Tomcat]
[31m2026-03-18 18:22:53.837[0;39m [33m[restartedMain][0;39m [34mINFO [0;39m [32morg.apache.catalina.core.StandardEngine[0;39m - Starting Servlet engine: [Apache Tomcat/10.1.33]
[31m2026-03-18 18:22:53.882[0;39m [33m[restartedMain][0;39m [34mINFO [0;39m [32mo.a.c.c.ContainerBase.[Tomcat].[localhost].[/geo][0;39m - Initializing Spring embedded WebApplicationContext
[31m2026-03-18 18:22:54.967[0;39m [33m[restartedMain][0;39m [34mINFO [0;39m [32morg.apache.coyote.http11.Http11NioProtocol[0;39m - Starting ProtocolHandler ["http-nio-9966"]
[31m2026-03-18 18:23:39.143[0;39m [33m[background-preinit][0;39m [34mINFO [0;39m [32morg.hibernate.validator.internal.util.Version[0;39m - HV000001: Hibernate Validator 8.0.1.Final
[31m2026-03-18 18:23:39.171[0;39m [33m[restartedMain][0;39m [34mINFO [0;39m [32mcom.geo.dsp.GeoDspApplication[0;39m - Starting GeoDspApplication using Java 17.0.17 with PID 7424 (D:\ZhiNengWuTan\GeoDsp\target\classes started by zhiluo in D:\ZhiNengWuTan\GeoDsp)
[31m2026-03-18 18:23:39.174[0;39m [33m[restartedMain][0;39m [34mINFO [0;39m [32mcom.geo.dsp.GeoDspApplication[0;39m - No active profile set, falling back to 1 default profile: "default"
[31m2026-03-18 18:23:40.124[0;39m [33m[restartedMain][0;39m [34mINFO [0;39m [32morg.apache.coyote.http11.Http11NioProtocol[0;39m - Initializing ProtocolHandler ["http-nio-9966"]
[31m2026-03-18 18:23:40.124[0;39m [33m[restartedMain][0;39m [34mINFO [0;39m [32morg.apache.catalina.core.StandardService[0;39m - Starting service [Tomcat]
[31m2026-03-18 18:23:40.124[0;39m [33m[restartedMain][0;39m [34mINFO [0;39m [32morg.apache.catalina.core.StandardEngine[0;39m - Starting Servlet engine: [Apache Tomcat/10.1.33]
[31m2026-03-18 18:23:40.174[0;39m [33m[restartedMain][0;39m [34mINFO [0;39m [32mo.a.c.c.ContainerBase.[Tomcat].[localhost].[/geo][0;39m - Initializing Spring embedded WebApplicationContext
[31m2026-03-18 18:23:41.300[0;39m [33m[restartedMain][0;39m [34mINFO [0;39m [32morg.apache.coyote.http11.Http11NioProtocol[0;39m - Starting ProtocolHandler ["http-nio-9966"]
[31m2026-03-18 18:23:41.324[0;39m [33m[restartedMain][0;39m [34mINFO [0;39m [32mcom.geo.dsp.GeoDspApplication[0;39m - Started GeoDspApplication in 2.443 seconds (process running for 2.982)
[31m2026-03-18 20:28:17.116[0;39m [33m[background-preinit][0;39m [34mINFO [0;39m [32morg.hibernate.validator.internal.util.Version[0;39m - HV000001: Hibernate Validator 8.0.1.Final
[31m2026-03-18 20:28:17.152[0;39m [33m[restartedMain][0;39m [34mINFO [0;39m [32mcom.geo.dsp.GeoDspApplication[0;39m - Starting GeoDspApplication using Java 17.0.17 with PID 49160 (D:\ZhiNengWuTan\GeoDsp\target\classes started by zhiluo in D:\ZhiNengWuTan\GeoDsp)
[31m2026-03-18 20:28:17.152[0;39m [33m[restartedMain][0;39m [34mINFO [0;39m [32mcom.geo.dsp.GeoDspApplication[0;39m - No active profile set, falling back to 1 default profile: "default"
[31m2026-03-18 20:28:18.429[0;39m [33m[restartedMain][0;39m [34mINFO [0;39m [32morg.apache.coyote.http11.Http11NioProtocol[0;39m - Initializing ProtocolHandler ["http-nio-9966"]
[31m2026-03-18 20:28:18.430[0;39m [33m[restartedMain][0;39m [34mINFO [0;39m [32morg.apache.catalina.core.StandardService[0;39m - Starting service [Tomcat]
[31m2026-03-18 20:28:18.430[0;39m [33m[restartedMain][0;39m [34mINFO [0;39m [32morg.apache.catalina.core.StandardEngine[0;39m - Starting Servlet engine: [Apache Tomcat/10.1.33]
[31m2026-03-18 20:28:18.488[0;39m [33m[restartedMain][0;39m [34mINFO [0;39m [32mo.a.c.c.ContainerBase.[Tomcat].[localhost].[/geo][0;39m - Initializing Spring embedded WebApplicationContext
[31m2026-03-18 20:28:19.090[0;39m [33m[restartedMain][0;39m [34mINFO [0;39m [32morg.apache.catalina.core.StandardService[0;39m - Stopping service [Tomcat]
[31m2026-03-18 20:30:25.949[0;39m [33m[background-preinit][0;39m [34mINFO [0;39m [32morg.hibernate.validator.internal.util.Version[0;39m - HV000001: Hibernate Validator 8.0.1.Final
[31m2026-03-18 20:30:25.977[0;39m [33m[restartedMain][0;39m [34mINFO [0;39m [32mcom.geo.dsp.GeoDspApplication[0;39m - Starting GeoDspApplication using Java 17.0.17 with PID 7816 (D:\ZhiNengWuTan\GeoDsp\target\classes started by zhiluo in D:\ZhiNengWuTan\GeoDsp)
[31m2026-03-18 20:30:25.978[0;39m [33m[restartedMain][0;39m [34mINFO [0;39m [32mcom.geo.dsp.GeoDspApplication[0;39m - No active profile set, falling back to 1 default profile: "default"
[31m2026-03-18 20:30:26.938[0;39m [33m[restartedMain][0;39m [34mINFO [0;39m [32morg.apache.coyote.http11.Http11NioProtocol[0;39m - Initializing ProtocolHandler ["http-nio-9966"]
[31m2026-03-18 20:30:26.940[0;39m [33m[restartedMain][0;39m [34mINFO [0;39m [32morg.apache.catalina.core.StandardService[0;39m - Starting service [Tomcat]
[31m2026-03-18 20:30:26.940[0;39m [33m[restartedMain][0;39m [34mINFO [0;39m [32morg.apache.catalina.core.StandardEngine[0;39m - Starting Servlet engine: [Apache Tomcat/10.1.33]
[31m2026-03-18 20:30:26.989[0;39m [33m[restartedMain][0;39m [34mINFO [0;39m [32mo.a.c.c.ContainerBase.[Tomcat].[localhost].[/geo][0;39m - Initializing Spring embedded WebApplicationContext
[31m2026-03-18 20:30:28.214[0;39m [33m[restartedMain][0;39m [34mINFO [0;39m [32morg.apache.coyote.http11.Http11NioProtocol[0;39m - Starting ProtocolHandler ["http-nio-9966"]
[31m2026-03-18 20:30:28.237[0;39m [33m[restartedMain][0;39m [34mINFO [0;39m [32mcom.geo.dsp.GeoDspApplication[0;39m - Started GeoDspApplication in 2.553 seconds (process running for 3.039)
[31m2026-03-18 20:33:53.022[0;39m [33m[background-preinit][0;39m [34mINFO [0;39m [32morg.hibernate.validator.internal.util.Version[0;39m - HV000001: Hibernate Validator 8.0.1.Final
[31m2026-03-18 20:33:53.048[0;39m [33m[restartedMain][0;39m [34mINFO [0;39m [32mcom.geo.dsp.GeoDspApplication[0;39m - Starting GeoDspApplication using Java 17.0.17 with PID 53880 (D:\ZhiNengWuTan\GeoDsp\target\classes started by zhiluo in D:\ZhiNengWuTan\GeoDsp)
[31m2026-03-18 20:33:53.048[0;39m [33m[restartedMain][0;39m [34mINFO [0;39m [32mcom.geo.dsp.GeoDspApplication[0;39m - No active profile set, falling back to 1 default profile: "default"
[31m2026-03-18 20:33:53.957[0;39m [33m[restartedMain][0;39m [34mINFO [0;39m [32morg.apache.coyote.http11.Http11NioProtocol[0;39m - Initializing ProtocolHandler ["http-nio-9966"]
[31m2026-03-18 20:33:53.958[0;39m [33m[restartedMain][0;39m [34mINFO [0;39m [32morg.apache.catalina.core.StandardService[0;39m - Starting service [Tomcat]
[31m2026-03-18 20:33:53.958[0;39m [33m[restartedMain][0;39m [34mINFO [0;39m [32morg.apache.catalina.core.StandardEngine[0;39m - Starting Servlet engine: [Apache Tomcat/10.1.33]
[31m2026-03-18 20:33:54.004[0;39m [33m[restartedMain][0;39m [34mINFO [0;39m [32mo.a.c.c.ContainerBase.[Tomcat].[localhost].[/geo][0;39m - Initializing Spring embedded WebApplicationContext
[31m2026-03-18 20:33:54.324[0;39m [33m[restartedMain][0;39m [34mINFO [0;39m [32morg.apache.catalina.core.StandardService[0;39m - Stopping service [Tomcat]
[31m2026-03-18 20:34:39.107[0;39m [33m[background-preinit][0;39m [34mINFO [0;39m [32morg.hibernate.validator.internal.util.Version[0;39m - HV000001: Hibernate Validator 8.0.1.Final
[31m2026-03-18 20:34:39.134[0;39m [33m[restartedMain][0;39m [34mINFO [0;39m [32mcom.geo.dsp.GeoDspApplication[0;39m - Starting GeoDspApplication using Java 17.0.17 with PID 24468 (D:\ZhiNengWuTan\GeoDsp\target\classes started by zhiluo in D:\ZhiNengWuTan\GeoDsp)
[31m2026-03-18 20:34:39.134[0;39m [33m[restartedMain][0;39m [34mINFO [0;39m [32mcom.geo.dsp.GeoDspApplication[0;39m - No active profile set, falling back to 1 default profile: "default"
[31m2026-03-18 20:34:40.074[0;39m [33m[restartedMain][0;39m [34mINFO [0;39m [32morg.apache.coyote.http11.Http11NioProtocol[0;39m - Initializing ProtocolHandler ["http-nio-9966"]
[31m2026-03-18 20:34:40.074[0;39m [33m[restartedMain][0;39m [34mINFO [0;39m [32morg.apache.catalina.core.StandardService[0;39m - Starting service [Tomcat]
[31m2026-03-18 20:34:40.074[0;39m [33m[restartedMain][0;39m [34mINFO [0;39m [32morg.apache.catalina.core.StandardEngine[0;39m - Starting Servlet engine: [Apache Tomcat/10.1.33]
[31m2026-03-18 20:34:40.120[0;39m [33m[restartedMain][0;39m [34mINFO [0;39m [32mo.a.c.c.ContainerBase.[Tomcat].[localhost].[/geo][0;39m - Initializing Spring embedded WebApplicationContext
[31m2026-03-18 20:34:41.188[0;39m [33m[restartedMain][0;39m [34mINFO [0;39m [32morg.apache.coyote.http11.Http11NioProtocol[0;39m - Starting ProtocolHandler ["http-nio-9966"]
[31m2026-03-18 20:34:41.210[0;39m [33m[restartedMain][0;39m [34mINFO [0;39m [32mcom.geo.dsp.GeoDspApplication[0;39m - Started GeoDspApplication in 2.354 seconds (process running for 2.795)
[31m2026-03-18 20:42:00.264[0;39m [33m[tomcat-shutdown][0;39m [34mINFO [0;39m [32morg.apache.coyote.http11.Http11NioProtocol[0;39m - Pausing ProtocolHandler ["http-nio-9966"]
[31m2026-03-18 20:42:00.491[0;39m [33m[Thread-5][0;39m [34mINFO [0;39m [32morg.apache.coyote.http11.Http11NioProtocol[0;39m - Stopping ProtocolHandler ["http-nio-9966"]
[31m2026-03-18 20:42:00.642[0;39m [33m[restartedMain][0;39m [34mINFO [0;39m [32mcom.geo.dsp.GeoDspApplication[0;39m - Starting GeoDspApplication using Java 17.0.17 with PID 24468 (D:\ZhiNengWuTan\GeoDsp\target\classes started by zhiluo in D:\ZhiNengWuTan\GeoDsp)
[31m2026-03-18 20:42:00.642[0;39m [33m[restartedMain][0;39m [34mINFO [0;39m [32mcom.geo.dsp.GeoDspApplication[0;39m - No active profile set, falling back to 1 default profile: "default"
[31m2026-03-18 20:42:00.863[0;39m [33m[restartedMain][0;39m [34mINFO [0;39m [32morg.apache.coyote.http11.Http11NioProtocol[0;39m - Initializing ProtocolHandler ["http-nio-9966"]
[31m2026-03-18 20:42:00.863[0;39m [33m[restartedMain][0;39m [34mINFO [0;39m [32morg.apache.catalina.core.StandardService[0;39m - Starting service [Tomcat]
[31m2026-03-18 20:42:00.863[0;39m [33m[restartedMain][0;39m [34mINFO [0;39m [32morg.apache.catalina.core.StandardEngine[0;39m - Starting Servlet engine: [Apache Tomcat/10.1.33]
[31m2026-03-18 20:42:00.895[0;39m [33m[restartedMain][0;39m [34mINFO [0;39m [32mo.a.c.c.ContainerBase.[Tomcat].[localhost].[/geo][0;39m - Initializing Spring embedded WebApplicationContext
[31m2026-03-18 20:42:01.223[0;39m [33m[restartedMain][0;39m [34mINFO [0;39m [32morg.apache.coyote.http11.Http11NioProtocol[0;39m - Starting ProtocolHandler ["http-nio-9966"]
[31m2026-03-18 20:42:01.229[0;39m [33m[restartedMain][0;39m [34mINFO [0;39m [32mcom.geo.dsp.GeoDspApplication[0;39m - Started GeoDspApplication in 0.607 seconds (process running for 442.814)
[31m2026-03-18 20:43:38.599[0;39m [33m[tomcat-shutdown][0;39m [34mINFO [0;39m [32morg.apache.coyote.http11.Http11NioProtocol[0;39m - Pausing ProtocolHandler ["http-nio-9966"]
[31m2026-03-18 20:43:38.880[0;39m [33m[Thread-7][0;39m [34mINFO [0;39m [32morg.apache.coyote.http11.Http11NioProtocol[0;39m - Stopping ProtocolHandler ["http-nio-9966"]
[31m2026-03-18 20:43:39.016[0;39m [33m[restartedMain][0;39m [34mINFO [0;39m [32mcom.geo.dsp.GeoDspApplication[0;39m - Starting GeoDspApplication using Java 17.0.17 with PID 24468 (D:\ZhiNengWuTan\GeoDsp\target\classes started by zhiluo in D:\ZhiNengWuTan\GeoDsp)
[31m2026-03-18 20:43:39.016[0;39m [33m[restartedMain][0;39m [34mINFO [0;39m [32mcom.geo.dsp.GeoDspApplication[0;39m - No active profile set, falling back to 1 default profile: "default"
[31m2026-03-18 20:43:39.263[0;39m [33m[restartedMain][0;39m [34mINFO [0;39m [32morg.apache.coyote.http11.Http11NioProtocol[0;39m - Initializing ProtocolHandler ["http-nio-9966"]
[31m2026-03-18 20:43:39.265[0;39m [33m[restartedMain][0;39m [34mINFO [0;39m [32morg.apache.catalina.core.StandardService[0;39m - Starting service [Tomcat]
[31m2026-03-18 20:43:39.265[0;39m [33m[restartedMain][0;39m [34mINFO [0;39m [32morg.apache.catalina.core.StandardEngine[0;39m - Starting Servlet engine: [Apache Tomcat/10.1.33]
[31m2026-03-18 20:43:39.309[0;39m [33m[restartedMain][0;39m [34mINFO [0;39m [32mo.a.c.c.ContainerBase.[Tomcat].[localhost].[/geo][0;39m - Initializing Spring embedded WebApplicationContext
[31m2026-03-18 20:43:39.681[0;39m [33m[restartedMain][0;39m [34mINFO [0;39m [32morg.apache.coyote.http11.Http11NioProtocol[0;39m - Starting ProtocolHandler ["http-nio-9966"]
[31m2026-03-18 20:43:39.686[0;39m [33m[restartedMain][0;39m [34mINFO [0;39m [32mcom.geo.dsp.GeoDspApplication[0;39m - Started GeoDspApplication in 0.696 seconds (process running for 541.271)
[31m2026-03-18 20:45:09.696[0;39m [33m[background-preinit][0;39m [34mINFO [0;39m [32morg.hibernate.validator.internal.util.Version[0;39m - HV000001: Hibernate Validator 8.0.1.Final
[31m2026-03-18 20:45:09.728[0;39m [33m[restartedMain][0;39m [34mINFO [0;39m [32mcom.geo.dsp.GeoDspApplication[0;39m - Starting GeoDspApplication using Java 17.0.17 with PID 9924 (D:\ZhiNengWuTan\GeoDsp\target\classes started by zhiluo in D:\ZhiNengWuTan\GeoDsp)
[31m2026-03-18 20:45:09.728[0;39m [33m[restartedMain][0;39m [34mINFO [0;39m [32mcom.geo.dsp.GeoDspApplication[0;39m - No active profile set, falling back to 1 default profile: "default"
[31m2026-03-18 20:45:10.652[0;39m [33m[restartedMain][0;39m [34mINFO [0;39m [32morg.apache.coyote.http11.Http11NioProtocol[0;39m - Initializing ProtocolHandler ["http-nio-9966"]
[31m2026-03-18 20:45:10.653[0;39m [33m[restartedMain][0;39m [34mINFO [0;39m [32morg.apache.catalina.core.StandardService[0;39m - Starting service [Tomcat]
[31m2026-03-18 20:45:10.653[0;39m [33m[restartedMain][0;39m [34mINFO [0;39m [32morg.apache.catalina.core.StandardEngine[0;39m - Starting Servlet engine: [Apache Tomcat/10.1.33]
[31m2026-03-18 20:45:10.697[0;39m [33m[restartedMain][0;39m [34mINFO [0;39m [32mo.a.c.c.ContainerBase.[Tomcat].[localhost].[/geo][0;39m - Initializing Spring embedded WebApplicationContext
[31m2026-03-18 20:45:11.772[0;39m [33m[restartedMain][0;39m [34mINFO [0;39m [32morg.apache.coyote.http11.Http11NioProtocol[0;39m - Starting ProtocolHandler ["http-nio-9966"]
[31m2026-03-18 20:45:11.794[0;39m [33m[restartedMain][0;39m [34mINFO [0;39m [32mcom.geo.dsp.GeoDspApplication[0;39m - Started GeoDspApplication in 2.359 seconds (process running for 2.823)
